192.168.100.1 - - [09/Sep/2024:16:14:26 +0000] "DELETE /login HTTP/1.1" 404 669 "https://elearning.rousseltm.fr" "Mozilla/5.0 (Macintosh; Intel Mac OS X 10_15_7) AppleWebKit/605.1.15 (KHTML, like Gecko) Version/14.1.2 Safari/605.1.15"
198.51.100.22 - - [10/Sep/2024:11:38:26 +0000] "DELETE /products HTTP/1.1" 201 498 "https://elearning.rousseltm.fr" "Mozilla/5.0 (Macintosh; Intel Mac OS X 10_15_7) AppleWebKit/605.1.15 (KHTML, like Gecko) Version/14.1.2 Safari/605.1.15"
172.16.254.1 - - [11/Sep/2024:15:59:26 +0000] "PATCH /products HTTP/1.1" 400 291 "-" "Mozilla/5.0 (Macintosh; Intel Mac OS X 10_15_7) AppleWebKit/605.1.15 (KHTML, like Gecko) Version/14.1.2 Safari/605.1.15"
192.168.1.10 - - [08/Sep/2024:12:35:26 +0000] "DELETE /about HTTP/1.1" 503 277 "https://martin.lekpa.fr" "Mozilla/5.0 (Windows NT 10.0; Win64; x64) AppleWebKit/537.36 (KHTML, like Gecko) Chrome/93.0.4577.63 Safari/537.36"
203.0.113.195 - - [10/Sep/2024:22:25:26 +0000] "PATCH /admin HTTP/1.1" 404 561 "-" "Mozilla/5.0 (Windows NT 10.0; Win64; x64; rv:91.0) Gecko/20100101 Firefox/91.0"
192.168.100.1 - - [10/Sep/2024:21:26:26 +0000] "PATCH /login HTTP/1.1" 403 648 "https://www.rousseltm.fr" "Mozilla/5.0 (iPhone; CPU iPhone OS 14_7_1 like Mac OS X) AppleWebKit/605.1.15 (KHTML, like Gecko) Version/14.1.2 Mobile/15E148 Safari/604.1"
192.168.1.10 - - [13/Sep/2024:01:30:26 +0000] "DELETE /products HTTP/1.1" 301 524 "-" "Mozilla/5.0 (Linux; Android 9; SM-G960F) AppleWebKit/537.36 (KHTML, like Gecko) Chrome/91.0.4472.114 Mobile Safari/537.36"
203.0.113.5 - - [12/Sep/2024:17:00:26 +0000] "PUT /about HTTP/1.1" 301 553 "https://www.rousseltm.fr" "Mozilla/5.0 (iPhone; CPU iPhone OS 14_7_1 like Mac OS X) AppleWebKit/605.1.15 (KHTML, like Gecko) Version/14.1.2 Mobile/15E148 Safari/604.1"
203.0.113.195 - - [14/Sep/2024:07:47:26 +0000] "PUT /login HTTP/1.1" 500 255 "-" "Mozilla/5.0 (iPhone; CPU iPhone OS 14_7_1 like Mac OS X) AppleWebKit/605.1.15 (KHTML, like Gecko) Version/14.1.2 Mobile/15E148 Safari/604.1"
192.168.1.10 - - [11/Sep/2024:17:37:26 +0000] "PATCH /search HTTP/1.1" 404 302 "https://elearning.rousseltm.fr" "Mozilla/5.0 (Windows NT 10.0; Win64; x64; rv:91.0) Gecko/20100101 Firefox/91.0"
198.51.100.22 - - [10/Sep/2024:14:25:26 +0000] "PATCH /products HTTP/1.1" 301 245 "https://elearning.rousseltm.fr" "Mozilla/5.0 (Macintosh; Intel Mac OS X 10_15_7) AppleWebKit/605.1.15 (KHTML, like Gecko) Version/14.1.2 Safari/605.1.15"
198.51.100.22 - - [11/Sep/2024:00:15:26 +0000] "POST /search HTTP/1.1" 200 440 "https://elearning.rousseltm.fr" "Mozilla/5.0 (iPhone; CPU iPhone OS 14_7_1 like Mac OS X) AppleWebKit/605.1.15 (KHTML, like Gecko) Version/14.1.2 Mobile/15E148 Safari/604.1"
192.168.1.10 - - [14/Sep/2024:04:57:26 +0000] "DELETE / HTTP/1.1" 200 142 "https://martin.lekpa.fr" "Mozilla/5.0 (Macintosh; Intel Mac OS X 10_15_7) AppleWebKit/605.1.15 (KHTML, like Gecko) Version/14.1.2 Safari/605.1.15"
192.0.2.33 - - [13/Sep/2024:16:53:26 +0000] "POST / HTTP/1.1" 503 224 "https://martin.lekpa.fr" "Mozilla/5.0 (Linux; Android 9; SM-G960F) AppleWebKit/537.36 (KHTML, like Gecko) Chrome/91.0.4472.114 Mobile Safari/537.36"
198.51.100.99 - - [08/Sep/2024:09:24:26 +0000] "PATCH /products HTTP/1.1" 404 905 "https://elearning.rousseltm.fr" "Mozilla/5.0 (Windows NT 10.0; Win64; x64; rv:91.0) Gecko/20100101 Firefox/91.0"
192.168.1.10 - - [09/Sep/2024:15:23:26 +0000] "GET /admin HTTP/1.1" 200 887 "https://martin.lekpa.fr" "Mozilla/5.0 (iPhone; CPU iPhone OS 14_7_1 like Mac OS X) AppleWebKit/605.1.15 (KHTML, like Gecko) Version/14.1.2 Mobile/15E148 Safari/604.1"
172.16.254.1 - - [11/Sep/2024:07:55:26 +0000] "PUT / HTTP/1.1" 403 215 "-" "Mozilla/5.0 (Windows NT 10.0; Win64; x64; rv:91.0) Gecko/20100101 Firefox/91.0"
192.168.1.10 - - [13/Sep/2024:19:16:26 +0000] "POST /contact HTTP/1.1" 204 712 "-" "Mozilla/5.0 (Windows NT 10.0; Win64; x64) AppleWebKit/537.36 (KHTML, like Gecko) Chrome/93.0.4577.63 Safari/537.36"
192.168.100.1 - - [12/Sep/2024:18:11:26 +0000] "GET / HTTP/1.1" 400 491 "https://www.rousseltm.fr" "Mozilla/5.0 (Windows NT 10.0; Win64; x64) AppleWebKit/537.36 (KHTML, like Gecko) Chrome/93.0.4577.63 Safari/537.36"
203.0.113.5 - - [09/Sep/2024:16:00:26 +0000] "PATCH /admin HTTP/1.1" 302 446 "-" "Mozilla/5.0 (iPhone; CPU iPhone OS 14_7_1 like Mac OS X) AppleWebKit/605.1.15 (KHTML, like Gecko) Version/14.1.2 Mobile/15E148 Safari/604.1"
172.16.254.1 - - [11/Sep/2024:14:49:26 +0000] "DELETE /home HTTP/1.1" 403 459 "-" "Mozilla/5.0 (Macintosh; Intel Mac OS X 10_15_7) AppleWebKit/605.1.15 (KHTML, like Gecko) Version/14.1.2 Safari/605.1.15"
10.0.0.1 - - [12/Sep/2024:18:01:26 +0000] "POST /contact HTTP/1.1" 302 882 "-" "Mozilla/5.0 (Macintosh; Intel Mac OS X 10_15_7) AppleWebKit/605.1.15 (KHTML, like Gecko) Version/14.1.2 Safari/605.1.15"
192.168.1.10 - - [08/Sep/2024:22:00:26 +0000] "POST /home HTTP/1.1" 400 433 "https://www.rousseltm.fr" "Mozilla/5.0 (Windows NT 10.0; Win64; x64) AppleWebKit/537.36 (KHTML, like Gecko) Chrome/93.0.4577.63 Safari/537.36"
172.16.254.1 - - [11/Sep/2024:13:19:26 +0000] "PUT /contact HTTP/1.1" 201 566 "-" "Mozilla/5.0 (iPhone; CPU iPhone OS 14_7_1 like Mac OS X) AppleWebKit/605.1.15 (KHTML, like Gecko) Version/14.1.2 Mobile/15E148 Safari/604.1"
172.16.254.1 - - [10/Sep/2024:00:37:26 +0000] "PATCH /home HTTP/1.1" 404 642 "https://martin.lekpa.fr" "Mozilla/5.0 (Windows NT 10.0; Win64; x64) AppleWebKit/537.36 (KHTML, like Gecko) Chrome/93.0.4577.63 Safari/537.36"
172.16.254.1 - - [12/Sep/2024:03:59:26 +0000] "DELETE /products HTTP/1.1" 301 550 "https://martin.lekpa.fr" "Mozilla/5.0 (Windows NT 10.0; Win64; x64) AppleWebKit/537.36 (KHTML, like Gecko) Chrome/93.0.4577.63 Safari/537.36"
203.0.113.195 - - [12/Sep/2024:05:27:26 +0000] "PUT /contact HTTP/1.1" 403 523 "https://elearning.rousseltm.fr" "Mozilla/5.0 (Windows NT 10.0; Win64; x64) AppleWebKit/537.36 (KHTML, like Gecko) Chrome/93.0.4577.63 Safari/537.36"
172.16.254.1 - - [12/Sep/2024:20:12:26 +0000] "PATCH /login HTTP/1.1" 201 549 "https://elearning.rousseltm.fr" "Mozilla/5.0 (iPhone; CPU iPhone OS 14_7_1 like Mac OS X) AppleWebKit/605.1.15 (KHTML, like Gecko) Version/14.1.2 Mobile/15E148 Safari/604.1"
198.51.100.22 - - [08/Sep/2024:15:43:26 +0000] "DELETE /admin HTTP/1.1" 200 197 "-" "Mozilla/5.0 (Windows NT 10.0; Win64; x64) AppleWebKit/537.36 (KHTML, like Gecko) Chrome/93.0.4577.63 Safari/537.36"
198.51.100.99 - - [11/Sep/2024:10:52:26 +0000] "GET /login HTTP/1.1" 301 818 "https://martin.lekpa.fr" "Mozilla/5.0 (Windows NT 10.0; Win64; x64) AppleWebKit/537.36 (KHTML, like Gecko) Chrome/93.0.4577.63 Safari/537.36"
203.0.113.5 - - [07/Sep/2024:11:21:26 +0000] "GET /home HTTP/1.1" 301 494 "https://martin.lekpa.fr" "Mozilla/5.0 (Linux; Android 9; SM-G960F) AppleWebKit/537.36 (KHTML, like Gecko) Chrome/91.0.4472.114 Mobile Safari/537.36"
192.0.2.33 - - [10/Sep/2024:17:29:26 +0000] "PATCH /about HTTP/1.1" 200 113 "https://martin.lekpa.fr" "Mozilla/5.0 (Windows NT 10.0; Win64; x64) AppleWebKit/537.36 (KHTML, like Gecko) Chrome/93.0.4577.63 Safari/537.36"
192.168.100.1 - - [09/Sep/2024:09:36:26 +0000] "PATCH /contact HTTP/1.1" 403 827 "https://www.rousseltm.fr" "Mozilla/5.0 (Macintosh; Intel Mac OS X 10_15_7) AppleWebKit/605.1.15 (KHTML, like Gecko) Version/14.1.2 Safari/605.1.15"
203.0.113.195 - - [11/Sep/2024:20:27:26 +0000] "PATCH /contact HTTP/1.1" 404 118 "https://martin.lekpa.fr" "Mozilla/5.0 (Windows NT 10.0; Win64; x64) AppleWebKit/537.36 (KHTML, like Gecko) Chrome/93.0.4577.63 Safari/537.36"
198.51.100.99 - - [13/Sep/2024:14:08:26 +0000] "GET /admin HTTP/1.1" 204 970 "-" "Mozilla/5.0 (Windows NT 10.0; Win64; x64; rv:91.0) Gecko/20100101 Firefox/91.0"
127.0.0.1 - - [09/Sep/2024:15:17:26 +0000] "PUT /home HTTP/1.1" 500 573 "https://martin.lekpa.fr" "Mozilla/5.0 (Windows NT 10.0; Win64; x64) AppleWebKit/537.36 (KHTML, like Gecko) Chrome/93.0.4577.63 Safari/537.36"
192.168.1.10 - - [10/Sep/2024:15:06:26 +0000] "PUT /products HTTP/1.1" 500 108 "https://www.rousseltm.fr" "Mozilla/5.0 (iPhone; CPU iPhone OS 14_7_1 like Mac OS X) AppleWebKit/605.1.15 (KHTML, like Gecko) Version/14.1.2 Mobile/15E148 Safari/604.1"
127.0.0.1 - - [10/Sep/2024:14:12:26 +0000] "POST /products HTTP/1.1" 201 355 "https://www.rousseltm.fr" "Mozilla/5.0 (Windows NT 10.0; Win64; x64; rv:91.0) Gecko/20100101 Firefox/91.0"
10.0.0.1 - - [12/Sep/2024:05:34:26 +0000] "PUT /about HTTP/1.1" 301 680 "https://www.rousseltm.fr" "Mozilla/5.0 (Linux; Android 9; SM-G960F) AppleWebKit/537.36 (KHTML, like Gecko) Chrome/91.0.4472.114 Mobile Safari/537.36"
192.168.100.1 - - [08/Sep/2024:20:54:26 +0000] "DELETE /login HTTP/1.1" 201 618 "https://martin.lekpa.fr" "Mozilla/5.0 (Macintosh; Intel Mac OS X 10_15_7) AppleWebKit/605.1.15 (KHTML, like Gecko) Version/14.1.2 Safari/605.1.15"
203.0.113.5 - - [12/Sep/2024:14:12:26 +0000] "POST /admin HTTP/1.1" 301 452 "https://www.rousseltm.fr" "Mozilla/5.0 (iPhone; CPU iPhone OS 14_7_1 like Mac OS X) AppleWebKit/605.1.15 (KHTML, like Gecko) Version/14.1.2 Mobile/15E148 Safari/604.1"
198.51.100.99 - - [13/Sep/2024:06:16:26 +0000] "POST /contact HTTP/1.1" 201 881 "-" "Mozilla/5.0 (Linux; Android 9; SM-G960F) AppleWebKit/537.36 (KHTML, like Gecko) Chrome/91.0.4472.114 Mobile Safari/537.36"
198.51.100.22 - - [09/Sep/2024:18:42:26 +0000] "PUT /products HTTP/1.1" 201 928 "https://martin.lekpa.fr" "Mozilla/5.0 (Windows NT 10.0; Win64; x64) AppleWebKit/537.36 (KHTML, like Gecko) Chrome/93.0.4577.63 Safari/537.36"
203.0.113.5 - - [10/Sep/2024:10:47:26 +0000] "POST /search HTTP/1.1" 404 799 "-" "Mozilla/5.0 (iPhone; CPU iPhone OS 14_7_1 like Mac OS X) AppleWebKit/605.1.15 (KHTML, like Gecko) Version/14.1.2 Mobile/15E148 Safari/604.1"
10.0.0.1 - - [12/Sep/2024:08:23:26 +0000] "PUT /products HTTP/1.1" 204 517 "https://www.rousseltm.fr" "Mozilla/5.0 (Windows NT 10.0; Win64; x64) AppleWebKit/537.36 (KHTML, like Gecko) Chrome/93.0.4577.63 Safari/537.36"
192.0.2.33 - - [12/Sep/2024:11:40:26 +0000] "GET /admin HTTP/1.1" 503 889 "https://www.rousseltm.fr" "Mozilla/5.0 (Windows NT 10.0; Win64; x64; rv:91.0) Gecko/20100101 Firefox/91.0"
198.51.100.99 - - [08/Sep/2024:01:29:26 +0000] "POST /login HTTP/1.1" 301 141 "https://www.rousseltm.fr" "Mozilla/5.0 (Linux; Android 9; SM-G960F) AppleWebKit/537.36 (KHTML, like Gecko) Chrome/91.0.4472.114 Mobile Safari/537.36"
192.168.1.10 - - [10/Sep/2024:18:26:26 +0000] "GET / HTTP/1.1" 301 831 "https://martin.lekpa.fr" "Mozilla/5.0 (Macintosh; Intel Mac OS X 10_15_7) AppleWebKit/605.1.15 (KHTML, like Gecko) Version/14.1.2 Safari/605.1.15"
10.0.0.1 - - [10/Sep/2024:14:52:26 +0000] "GET /products HTTP/1.1" 400 146 "-" "Mozilla/5.0 (Windows NT 10.0; Win64; x64) AppleWebKit/537.36 (KHTML, like Gecko) Chrome/93.0.4577.63 Safari/537.36"
127.0.0.1 - - [08/Sep/2024:20:54:26 +0000] "DELETE /admin HTTP/1.1" 404 483 "https://martin.lekpa.fr" "Mozilla/5.0 (Windows NT 10.0; Win64; x64; rv:91.0) Gecko/20100101 Firefox/91.0"
192.168.100.1 - - [10/Sep/2024:16:02:26 +0000] "DELETE /contact HTTP/1.1" 200 736 "https://www.rousseltm.fr" "Mozilla/5.0 (Windows NT 10.0; Win64; x64) AppleWebKit/537.36 (KHTML, like Gecko) Chrome/93.0.4577.63 Safari/537.36"
203.0.113.5 - - [12/Sep/2024:15:08:26 +0000] "PUT /login HTTP/1.1" 201 946 "https://elearning.rousseltm.fr" "Mozilla/5.0 (Windows NT 10.0; Win64; x64) AppleWebKit/537.36 (KHTML, like Gecko) Chrome/93.0.4577.63 Safari/537.36"
127.0.0.1 - - [13/Sep/2024:08:30:26 +0000] "PATCH /home HTTP/1.1" 404 695 "https://martin.lekpa.fr" "Mozilla/5.0 (Linux; Android 9; SM-G960F) AppleWebKit/537.36 (KHTML, like Gecko) Chrome/91.0.4472.114 Mobile Safari/537.36"
192.168.100.1 - - [14/Sep/2024:06:35:26 +0000] "PUT /contact HTTP/1.1" 400 349 "https://elearning.rousseltm.fr" "Mozilla/5.0 (Windows NT 10.0; Win64; x64; rv:91.0) Gecko/20100101 Firefox/91.0"
203.0.113.195 - - [10/Sep/2024:04:02:26 +0000] "GET /contact HTTP/1.1" 201 455 "-" "Mozilla/5.0 (Macintosh; Intel Mac OS X 10_15_7) AppleWebKit/605.1.15 (KHTML, like Gecko) Version/14.1.2 Safari/605.1.15"
203.0.113.195 - - [07/Sep/2024:11:10:26 +0000] "POST /contact HTTP/1.1" 200 557 "-" "Mozilla/5.0 (Linux; Android 9; SM-G960F) AppleWebKit/537.36 (KHTML, like Gecko) Chrome/91.0.4472.114 Mobile Safari/537.36"
203.0.113.195 - - [10/Sep/2024:04:27:26 +0000] "PUT /home HTTP/1.1" 403 786 "https://www.rousseltm.fr" "Mozilla/5.0 (iPhone; CPU iPhone OS 14_7_1 like Mac OS X) AppleWebKit/605.1.15 (KHTML, like Gecko) Version/14.1.2 Mobile/15E148 Safari/604.1"
192.168.1.10 - - [13/Sep/2024:00:36:26 +0000] "PATCH /home HTTP/1.1" 204 100 "https://elearning.rousseltm.fr" "Mozilla/5.0 (Windows NT 10.0; Win64; x64) AppleWebKit/537.36 (KHTML, like Gecko) Chrome/93.0.4577.63 Safari/537.36"
203.0.113.5 - - [11/Sep/2024:05:14:26 +0000] "PATCH /contact HTTP/1.1" 500 105 "-" "Mozilla/5.0 (iPhone; CPU iPhone OS 14_7_1 like Mac OS X) AppleWebKit/605.1.15 (KHTML, like Gecko) Version/14.1.2 Mobile/15E148 Safari/604.1"
203.0.113.195 - - [08/Sep/2024:04:07:26 +0000] "POST /products HTTP/1.1" 404 328 "-" "Mozilla/5.0 (Macintosh; Intel Mac OS X 10_15_7) AppleWebKit/605.1.15 (KHTML, like Gecko) Version/14.1.2 Safari/605.1.15"
10.0.0.1 - - [09/Sep/2024:16:23:26 +0000] "POST /search HTTP/1.1" 404 921 "https://www.rousseltm.fr" "Mozilla/5.0 (Windows NT 10.0; Win64; x64; rv:91.0) Gecko/20100101 Firefox/91.0"
192.168.100.1 - - [08/Sep/2024:19:30:26 +0000] "PATCH /products HTTP/1.1" 500 716 "-" "Mozilla/5.0 (iPhone; CPU iPhone OS 14_7_1 like Mac OS X) AppleWebKit/605.1.15 (KHTML, like Gecko) Version/14.1.2 Mobile/15E148 Safari/604.1"
192.168.1.10 - - [12/Sep/2024:07:51:26 +0000] "DELETE /login HTTP/1.1" 500 876 "https://martin.lekpa.fr" "Mozilla/5.0 (Windows NT 10.0; Win64; x64; rv:91.0) Gecko/20100101 Firefox/91.0"
203.0.113.195 - - [08/Sep/2024:10:04:26 +0000] "PATCH /products HTTP/1.1" 301 522 "https://martin.lekpa.fr" "Mozilla/5.0 (Windows NT 10.0; Win64; x64; rv:91.0) Gecko/20100101 Firefox/91.0"
198.51.100.22 - - [14/Sep/2024:06:22:26 +0000] "DELETE /home HTTP/1.1" 200 539 "https://martin.lekpa.fr" "Mozilla/5.0 (Windows NT 10.0; Win64; x64; rv:91.0) Gecko/20100101 Firefox/91.0"
192.168.1.10 - - [10/Sep/2024:13:57:26 +0000] "DELETE / HTTP/1.1" 204 200 "https://www.rousseltm.fr" "Mozilla/5.0 (Windows NT 10.0; Win64; x64) AppleWebKit/537.36 (KHTML, like Gecko) Chrome/93.0.4577.63 Safari/537.36"
203.0.113.5 - - [10/Sep/2024:03:30:26 +0000] "DELETE /products HTTP/1.1" 404 809 "https://martin.lekpa.fr" "Mozilla/5.0 (iPhone; CPU iPhone OS 14_7_1 like Mac OS X) AppleWebKit/605.1.15 (KHTML, like Gecko) Version/14.1.2 Mobile/15E148 Safari/604.1"
192.168.100.1 - - [09/Sep/2024:12:36:26 +0000] "DELETE /search HTTP/1.1" 301 387 "https://www.rousseltm.fr" "Mozilla/5.0 (iPhone; CPU iPhone OS 14_7_1 like Mac OS X) AppleWebKit/605.1.15 (KHTML, like Gecko) Version/14.1.2 Mobile/15E148 Safari/604.1"
10.0.0.1 - - [12/Sep/2024:01:00:26 +0000] "DELETE /login HTTP/1.1" 200 123 "https://martin.lekpa.fr" "Mozilla/5.0 (Linux; Android 9; SM-G960F) AppleWebKit/537.36 (KHTML, like Gecko) Chrome/91.0.4472.114 Mobile Safari/537.36"
203.0.113.195 - - [11/Sep/2024:09:09:26 +0000] "PATCH /contact HTTP/1.1" 404 136 "https://www.rousseltm.fr" "Mozilla/5.0 (Windows NT 10.0; Win64; x64) AppleWebKit/537.36 (KHTML, like Gecko) Chrome/93.0.4577.63 Safari/537.36"
203.0.113.5 - - [07/Sep/2024:18:07:26 +0000] "DELETE /admin HTTP/1.1" 404 257 "-" "Mozilla/5.0 (Macintosh; Intel Mac OS X 10_15_7) AppleWebKit/605.1.15 (KHTML, like Gecko) Version/14.1.2 Safari/605.1.15"
192.168.100.1 - - [09/Sep/2024:15:38:26 +0000] "PATCH /search HTTP/1.1" 201 223 "https://elearning.rousseltm.fr" "Mozilla/5.0 (Linux; Android 9; SM-G960F) AppleWebKit/537.36 (KHTML, like Gecko) Chrome/91.0.4472.114 Mobile Safari/537.36"
192.0.2.33 - - [11/Sep/2024:06:20:26 +0000] "DELETE / HTTP/1.1" 204 788 "https://elearning.rousseltm.fr" "Mozilla/5.0 (Macintosh; Intel Mac OS X 10_15_7) AppleWebKit/605.1.15 (KHTML, like Gecko) Version/14.1.2 Safari/605.1.15"
198.51.100.22 - - [08/Sep/2024:08:05:26 +0000] "PUT /admin HTTP/1.1" 204 743 "https://www.rousseltm.fr" "Mozilla/5.0 (Windows NT 10.0; Win64; x64) AppleWebKit/537.36 (KHTML, like Gecko) Chrome/93.0.4577.63 Safari/537.36"
192.168.100.1 - - [12/Sep/2024:05:58:26 +0000] "PUT / HTTP/1.1" 301 890 "https://elearning.rousseltm.fr" "Mozilla/5.0 (Linux; Android 9; SM-G960F) AppleWebKit/537.36 (KHTML, like Gecko) Chrome/91.0.4472.114 Mobile Safari/537.36"
198.51.100.99 - - [11/Sep/2024:00:10:26 +0000] "DELETE /login HTTP/1.1" 500 175 "https://www.rousseltm.fr" "Mozilla/5.0 (Linux; Android 9; SM-G960F) AppleWebKit/537.36 (KHTML, like Gecko) Chrome/91.0.4472.114 Mobile Safari/537.36"
10.0.0.1 - - [14/Sep/2024:04:27:26 +0000] "PUT /home HTTP/1.1" 301 885 "-" "Mozilla/5.0 (Windows NT 10.0; Win64; x64) AppleWebKit/537.36 (KHTML, like Gecko) Chrome/93.0.4577.63 Safari/537.36"
198.51.100.99 - - [10/Sep/2024:16:00:26 +0000] "GET /login HTTP/1.1" 500 132 "https://martin.lekpa.fr" "Mozilla/5.0 (Windows NT 10.0; Win64; x64; rv:91.0) Gecko/20100101 Firefox/91.0"
10.0.0.1 - - [13/Sep/2024:22:31:26 +0000] "PUT /login HTTP/1.1" 201 268 "https://elearning.rousseltm.fr" "Mozilla/5.0 (Macintosh; Intel Mac OS X 10_15_7) AppleWebKit/605.1.15 (KHTML, like Gecko) Version/14.1.2 Safari/605.1.15"
198.51.100.99 - - [09/Sep/2024:19:54:26 +0000] "GET /login HTTP/1.1" 200 624 "https://martin.lekpa.fr" "Mozilla/5.0 (iPhone; CPU iPhone OS 14_7_1 like Mac OS X) AppleWebKit/605.1.15 (KHTML, like Gecko) Version/14.1.2 Mobile/15E148 Safari/604.1"
192.0.2.33 - - [08/Sep/2024:12:13:26 +0000] "POST /search HTTP/1.1" 204 161 "https://elearning.rousseltm.fr" "Mozilla/5.0 (iPhone; CPU iPhone OS 14_7_1 like Mac OS X) AppleWebKit/605.1.15 (KHTML, like Gecko) Version/14.1.2 Mobile/15E148 Safari/604.1"
127.0.0.1 - - [10/Sep/2024:07:28:26 +0000] "GET /about HTTP/1.1" 400 735 "https://elearning.rousseltm.fr" "Mozilla/5.0 (Windows NT 10.0; Win64; x64) AppleWebKit/537.36 (KHTML, like Gecko) Chrome/93.0.4577.63 Safari/537.36"
127.0.0.1 - - [10/Sep/2024:22:02:26 +0000] "GET /search HTTP/1.1" 400 855 "https://www.rousseltm.fr" "Mozilla/5.0 (Windows NT 10.0; Win64; x64) AppleWebKit/537.36 (KHTML, like Gecko) Chrome/93.0.4577.63 Safari/537.36"
192.168.100.1 - - [11/Sep/2024:03:29:26 +0000] "GET /login HTTP/1.1" 403 813 "-" "Mozilla/5.0 (Windows NT 10.0; Win64; x64; rv:91.0) Gecko/20100101 Firefox/91.0"
198.51.100.22 - - [08/Sep/2024:23:23:26 +0000] "PUT /contact HTTP/1.1" 404 958 "https://www.rousseltm.fr" "Mozilla/5.0 (Macintosh; Intel Mac OS X 10_15_7) AppleWebKit/605.1.15 (KHTML, like Gecko) Version/14.1.2 Safari/605.1.15"
192.168.1.10 - - [08/Sep/2024:21:18:26 +0000] "PUT /admin HTTP/1.1" 500 986 "https://elearning.rousseltm.fr" "Mozilla/5.0 (Macintosh; Intel Mac OS X 10_15_7) AppleWebKit/605.1.15 (KHTML, like Gecko) Version/14.1.2 Safari/605.1.15"
203.0.113.195 - - [14/Sep/2024:04:51:26 +0000] "POST /home HTTP/1.1" 500 358 "https://martin.lekpa.fr" "Mozilla/5.0 (iPhone; CPU iPhone OS 14_7_1 like Mac OS X) AppleWebKit/605.1.15 (KHTML, like Gecko) Version/14.1.2 Mobile/15E148 Safari/604.1"
192.168.1.10 - - [07/Sep/2024:14:21:26 +0000] "GET /products HTTP/1.1" 404 930 "https://www.rousseltm.fr" "Mozilla/5.0 (iPhone; CPU iPhone OS 14_7_1 like Mac OS X) AppleWebKit/605.1.15 (KHTML, like Gecko) Version/14.1.2 Mobile/15E148 Safari/604.1"
198.51.100.22 - - [11/Sep/2024:00:57:26 +0000] "POST /contact HTTP/1.1" 404 497 "-" "Mozilla/5.0 (iPhone; CPU iPhone OS 14_7_1 like Mac OS X) AppleWebKit/605.1.15 (KHTML, like Gecko) Version/14.1.2 Mobile/15E148 Safari/604.1"
127.0.0.1 - - [12/Sep/2024:14:48:26 +0000] "POST / HTTP/1.1" 204 507 "-" "Mozilla/5.0 (Linux; Android 9; SM-G960F) AppleWebKit/537.36 (KHTML, like Gecko) Chrome/91.0.4472.114 Mobile Safari/537.36"
192.0.2.33 - - [08/Sep/2024:15:11:26 +0000] "POST /products HTTP/1.1" 301 970 "https://martin.lekpa.fr" "Mozilla/5.0 (Macintosh; Intel Mac OS X 10_15_7) AppleWebKit/605.1.15 (KHTML, like Gecko) Version/14.1.2 Safari/605.1.15"
192.168.1.10 - - [13/Sep/2024:01:53:26 +0000] "GET /home HTTP/1.1" 201 787 "https://elearning.rousseltm.fr" "Mozilla/5.0 (Windows NT 10.0; Win64; x64; rv:91.0) Gecko/20100101 Firefox/91.0"
192.0.2.33 - - [13/Sep/2024:00:51:26 +0000] "GET / HTTP/1.1" 204 334 "https://elearning.rousseltm.fr" "Mozilla/5.0 (iPhone; CPU iPhone OS 14_7_1 like Mac OS X) AppleWebKit/605.1.15 (KHTML, like Gecko) Version/14.1.2 Mobile/15E148 Safari/604.1"
192.168.100.1 - - [08/Sep/2024:18:18:26 +0000] "PUT /contact HTTP/1.1" 400 534 "https://martin.lekpa.fr" "Mozilla/5.0 (Windows NT 10.0; Win64; x64; rv:91.0) Gecko/20100101 Firefox/91.0"
192.168.1.10 - - [08/Sep/2024:22:00:26 +0000] "POST /contact HTTP/1.1" 403 327 "https://elearning.rousseltm.fr" "Mozilla/5.0 (Linux; Android 9; SM-G960F) AppleWebKit/537.36 (KHTML, like Gecko) Chrome/91.0.4472.114 Mobile Safari/537.36"
203.0.113.195 - - [09/Sep/2024:15:50:26 +0000] "GET /home HTTP/1.1" 404 881 "-" "Mozilla/5.0 (Windows NT 10.0; Win64; x64; rv:91.0) Gecko/20100101 Firefox/91.0"
192.0.2.33 - - [12/Sep/2024:08:11:26 +0000] "PATCH /products HTTP/1.1" 204 638 "-" "Mozilla/5.0 (Linux; Android 9; SM-G960F) AppleWebKit/537.36 (KHTML, like Gecko) Chrome/91.0.4472.114 Mobile Safari/537.36"
192.0.2.33 - - [13/Sep/2024:04:25:26 +0000] "GET /search HTTP/1.1" 400 423 "-" "Mozilla/5.0 (Windows NT 10.0; Win64; x64) AppleWebKit/537.36 (KHTML, like Gecko) Chrome/93.0.4577.63 Safari/537.36"
192.0.2.33 - - [10/Sep/2024:10:12:26 +0000] "DELETE /about HTTP/1.1" 201 628 "https://martin.lekpa.fr" "Mozilla/5.0 (Linux; Android 9; SM-G960F) AppleWebKit/537.36 (KHTML, like Gecko) Chrome/91.0.4472.114 Mobile Safari/537.36"
192.168.100.1 - - [12/Sep/2024:19:45:26 +0000] "GET /search HTTP/1.1" 404 762 "https://elearning.rousseltm.fr" "Mozilla/5.0 (Windows NT 10.0; Win64; x64; rv:91.0) Gecko/20100101 Firefox/91.0"
192.0.2.33 - - [12/Sep/2024:08:35:26 +0000] "POST /home HTTP/1.1" 302 678 "-" "Mozilla/5.0 (iPhone; CPU iPhone OS 14_7_1 like Mac OS X) AppleWebKit/605.1.15 (KHTML, like Gecko) Version/14.1.2 Mobile/15E148 Safari/604.1"
172.16.254.1 - - [09/Sep/2024:20:21:26 +0000] "PATCH /search HTTP/1.1" 403 102 "-" "Mozilla/5.0 (iPhone; CPU iPhone OS 14_7_1 like Mac OS X) AppleWebKit/605.1.15 (KHTML, like Gecko) Version/14.1.2 Mobile/15E148 Safari/604.1"
203.0.113.195 - - [12/Sep/2024:10:15:26 +0000] "GET /about HTTP/1.1" 400 471 "https://www.rousseltm.fr" "Mozilla/5.0 (Windows NT 10.0; Win64; x64) AppleWebKit/537.36 (KHTML, like Gecko) Chrome/93.0.4577.63 Safari/537.36"
198.51.100.99 - - [12/Sep/2024:13:06:26 +0000] "DELETE /admin HTTP/1.1" 403 601 "https://martin.lekpa.fr" "Mozilla/5.0 (Linux; Android 9; SM-G960F) AppleWebKit/537.36 (KHTML, like Gecko) Chrome/91.0.4472.114 Mobile Safari/537.36"
10.0.0.1 - - [13/Sep/2024:12:10:26 +0000] "POST /admin HTTP/1.1" 500 232 "https://martin.lekpa.fr" "Mozilla/5.0 (Linux; Android 9; SM-G960F) AppleWebKit/537.36 (KHTML, like Gecko) Chrome/91.0.4472.114 Mobile Safari/537.36"
127.0.0.1 - - [13/Sep/2024:16:38:26 +0000] "GET / HTTP/1.1" 400 383 "https://martin.lekpa.fr" "Mozilla/5.0 (Linux; Android 9; SM-G960F) AppleWebKit/537.36 (KHTML, like Gecko) Chrome/91.0.4472.114 Mobile Safari/537.36"
192.168.1.10 - - [08/Sep/2024:10:01:26 +0000] "POST /home HTTP/1.1" 301 964 "-" "Mozilla/5.0 (Macintosh; Intel Mac OS X 10_15_7) AppleWebKit/605.1.15 (KHTML, like Gecko) Version/14.1.2 Safari/605.1.15"
192.168.100.1 - - [13/Sep/2024:23:42:26 +0000] "GET /home HTTP/1.1" 500 630 "https://www.rousseltm.fr" "Mozilla/5.0 (Macintosh; Intel Mac OS X 10_15_7) AppleWebKit/605.1.15 (KHTML, like Gecko) Version/14.1.2 Safari/605.1.15"
127.0.0.1 - - [09/Sep/2024:23:15:26 +0000] "PUT /admin HTTP/1.1" 500 579 "-" "Mozilla/5.0 (Macintosh; Intel Mac OS X 10_15_7) AppleWebKit/605.1.15 (KHTML, like Gecko) Version/14.1.2 Safari/605.1.15"
198.51.100.22 - - [08/Sep/2024:17:40:26 +0000] "DELETE /login HTTP/1.1" 302 156 "https://www.rousseltm.fr" "Mozilla/5.0 (Linux; Android 9; SM-G960F) AppleWebKit/537.36 (KHTML, like Gecko) Chrome/91.0.4472.114 Mobile Safari/537.36"
198.51.100.99 - - [11/Sep/2024:10:59:26 +0000] "PUT /products HTTP/1.1" 404 876 "https://elearning.rousseltm.fr" "Mozilla/5.0 (Windows NT 10.0; Win64; x64) AppleWebKit/537.36 (KHTML, like Gecko) Chrome/93.0.4577.63 Safari/537.36"
10.0.0.1 - - [09/Sep/2024:00:12:26 +0000] "POST / HTTP/1.1" 500 304 "https://www.rousseltm.fr" "Mozilla/5.0 (iPhone; CPU iPhone OS 14_7_1 like Mac OS X) AppleWebKit/605.1.15 (KHTML, like Gecko) Version/14.1.2 Mobile/15E148 Safari/604.1"
172.16.254.1 - - [08/Sep/2024:09:04:26 +0000] "POST /contact HTTP/1.1" 500 925 "-" "Mozilla/5.0 (Windows NT 10.0; Win64; x64) AppleWebKit/537.36 (KHTML, like Gecko) Chrome/93.0.4577.63 Safari/537.36"
203.0.113.195 - - [12/Sep/2024:01:07:26 +0000] "DELETE /admin HTTP/1.1" 503 376 "https://elearning.rousseltm.fr" "Mozilla/5.0 (iPhone; CPU iPhone OS 14_7_1 like Mac OS X) AppleWebKit/605.1.15 (KHTML, like Gecko) Version/14.1.2 Mobile/15E148 Safari/604.1"
198.51.100.99 - - [09/Sep/2024:02:09:26 +0000] "PATCH /admin HTTP/1.1" 200 328 "-" "Mozilla/5.0 (iPhone; CPU iPhone OS 14_7_1 like Mac OS X) AppleWebKit/605.1.15 (KHTML, like Gecko) Version/14.1.2 Mobile/15E148 Safari/604.1"
203.0.113.5 - - [11/Sep/2024:16:51:26 +0000] "DELETE /login HTTP/1.1" 404 482 "-" "Mozilla/5.0 (Macintosh; Intel Mac OS X 10_15_7) AppleWebKit/605.1.15 (KHTML, like Gecko) Version/14.1.2 Safari/605.1.15"
198.51.100.99 - - [10/Sep/2024:15:42:26 +0000] "POST /search HTTP/1.1" 204 153 "https://www.rousseltm.fr" "Mozilla/5.0 (Windows NT 10.0; Win64; x64; rv:91.0) Gecko/20100101 Firefox/91.0"
198.51.100.22 - - [11/Sep/2024:20:59:26 +0000] "PUT /products HTTP/1.1" 404 215 "https://www.rousseltm.fr" "Mozilla/5.0 (Linux; Android 9; SM-G960F) AppleWebKit/537.36 (KHTML, like Gecko) Chrome/91.0.4472.114 Mobile Safari/537.36"
192.168.1.10 - - [09/Sep/2024:04:26:26 +0000] "GET /contact HTTP/1.1" 404 227 "https://elearning.rousseltm.fr" "Mozilla/5.0 (Windows NT 10.0; Win64; x64) AppleWebKit/537.36 (KHTML, like Gecko) Chrome/93.0.4577.63 Safari/537.36"
203.0.113.5 - - [10/Sep/2024:05:26:26 +0000] "PUT /admin HTTP/1.1" 403 507 "https://martin.lekpa.fr" "Mozilla/5.0 (Linux; Android 9; SM-G960F) AppleWebKit/537.36 (KHTML, like Gecko) Chrome/91.0.4472.114 Mobile Safari/537.36"
10.0.0.1 - - [11/Sep/2024:20:39:26 +0000] "PUT /admin HTTP/1.1" 204 778 "https://elearning.rousseltm.fr" "Mozilla/5.0 (Windows NT 10.0; Win64; x64) AppleWebKit/537.36 (KHTML, like Gecko) Chrome/93.0.4577.63 Safari/537.36"
192.168.100.1 - - [09/Sep/2024:21:36:26 +0000] "POST / HTTP/1.1" 500 623 "https://www.rousseltm.fr" "Mozilla/5.0 (iPhone; CPU iPhone OS 14_7_1 like Mac OS X) AppleWebKit/605.1.15 (KHTML, like Gecko) Version/14.1.2 Mobile/15E148 Safari/604.1"
192.0.2.33 - - [13/Sep/2024:12:33:26 +0000] "POST /contact HTTP/1.1" 403 186 "https://elearning.rousseltm.fr" "Mozilla/5.0 (Windows NT 10.0; Win64; x64) AppleWebKit/537.36 (KHTML, like Gecko) Chrome/93.0.4577.63 Safari/537.36"
203.0.113.195 - - [10/Sep/2024:05:27:26 +0000] "PUT /home HTTP/1.1" 404 502 "https://elearning.rousseltm.fr" "Mozilla/5.0 (Windows NT 10.0; Win64; x64; rv:91.0) Gecko/20100101 Firefox/91.0"
198.51.100.22 - - [12/Sep/2024:07:49:26 +0000] "GET /contact HTTP/1.1" 400 583 "https://www.rousseltm.fr" "Mozilla/5.0 (Windows NT 10.0; Win64; x64; rv:91.0) Gecko/20100101 Firefox/91.0"
192.168.100.1 - - [13/Sep/2024:02:39:26 +0000] "PATCH /search HTTP/1.1" 503 1000 "-" "Mozilla/5.0 (Linux; Android 9; SM-G960F) AppleWebKit/537.36 (KHTML, like Gecko) Chrome/91.0.4472.114 Mobile Safari/537.36"
203.0.113.195 - - [12/Sep/2024:08:20:26 +0000] "PATCH /search HTTP/1.1" 400 923 "https://elearning.rousseltm.fr" "Mozilla/5.0 (Windows NT 10.0; Win64; x64) AppleWebKit/537.36 (KHTML, like Gecko) Chrome/93.0.4577.63 Safari/537.36"
203.0.113.5 - - [07/Sep/2024:14:54:26 +0000] "PUT /contact HTTP/1.1" 301 247 "https://elearning.rousseltm.fr" "Mozilla/5.0 (Linux; Android 9; SM-G960F) AppleWebKit/537.36 (KHTML, like Gecko) Chrome/91.0.4472.114 Mobile Safari/537.36"
198.51.100.99 - - [10/Sep/2024:21:33:26 +0000] "POST /login HTTP/1.1" 204 208 "-" "Mozilla/5.0 (Linux; Android 9; SM-G960F) AppleWebKit/537.36 (KHTML, like Gecko) Chrome/91.0.4472.114 Mobile Safari/537.36"
198.51.100.22 - - [11/Sep/2024:07:19:26 +0000] "PATCH /home HTTP/1.1" 302 438 "-" "Mozilla/5.0 (Linux; Android 9; SM-G960F) AppleWebKit/537.36 (KHTML, like Gecko) Chrome/91.0.4472.114 Mobile Safari/537.36"
192.168.100.1 - - [09/Sep/2024:12:31:26 +0000] "PUT /home HTTP/1.1" 404 323 "-" "Mozilla/5.0 (Windows NT 10.0; Win64; x64) AppleWebKit/537.36 (KHTML, like Gecko) Chrome/93.0.4577.63 Safari/537.36"
203.0.113.195 - - [07/Sep/2024:20:06:26 +0000] "POST /about HTTP/1.1" 200 164 "https://elearning.rousseltm.fr" "Mozilla/5.0 (Macintosh; Intel Mac OS X 10_15_7) AppleWebKit/605.1.15 (KHTML, like Gecko) Version/14.1.2 Safari/605.1.15"
198.51.100.22 - - [14/Sep/2024:08:37:26 +0000] "POST /about HTTP/1.1" 503 751 "https://elearning.rousseltm.fr" "Mozilla/5.0 (iPhone; CPU iPhone OS 14_7_1 like Mac OS X) AppleWebKit/605.1.15 (KHTML, like Gecko) Version/14.1.2 Mobile/15E148 Safari/604.1"
192.0.2.33 - - [11/Sep/2024:09:50:26 +0000] "DELETE /products HTTP/1.1" 204 709 "https://www.rousseltm.fr" "Mozilla/5.0 (iPhone; CPU iPhone OS 14_7_1 like Mac OS X) AppleWebKit/605.1.15 (KHTML, like Gecko) Version/14.1.2 Mobile/15E148 Safari/604.1"
192.0.2.33 - - [09/Sep/2024:06:45:26 +0000] "DELETE /admin HTTP/1.1" 201 464 "https://www.rousseltm.fr" "Mozilla/5.0 (Windows NT 10.0; Win64; x64; rv:91.0) Gecko/20100101 Firefox/91.0"
10.0.0.1 - - [12/Sep/2024:01:15:26 +0000] "POST / HTTP/1.1" 404 922 "https://elearning.rousseltm.fr" "Mozilla/5.0 (iPhone; CPU iPhone OS 14_7_1 like Mac OS X) AppleWebKit/605.1.15 (KHTML, like Gecko) Version/14.1.2 Mobile/15E148 Safari/604.1"
172.16.254.1 - - [08/Sep/2024:22:00:26 +0000] "GET /home HTTP/1.1" 302 216 "https://elearning.rousseltm.fr" "Mozilla/5.0 (iPhone; CPU iPhone OS 14_7_1 like Mac OS X) AppleWebKit/605.1.15 (KHTML, like Gecko) Version/14.1.2 Mobile/15E148 Safari/604.1"
127.0.0.1 - - [07/Sep/2024:18:28:26 +0000] "PATCH /products HTTP/1.1" 204 610 "https://elearning.rousseltm.fr" "Mozilla/5.0 (iPhone; CPU iPhone OS 14_7_1 like Mac OS X) AppleWebKit/605.1.15 (KHTML, like Gecko) Version/14.1.2 Mobile/15E148 Safari/604.1"
192.168.100.1 - - [09/Sep/2024:09:37:26 +0000] "GET /home HTTP/1.1" 503 631 "https://martin.lekpa.fr" "Mozilla/5.0 (Windows NT 10.0; Win64; x64; rv:91.0) Gecko/20100101 Firefox/91.0"
203.0.113.5 - - [09/Sep/2024:11:27:26 +0000] "PUT /contact HTTP/1.1" 204 900 "https://elearning.rousseltm.fr" "Mozilla/5.0 (Macintosh; Intel Mac OS X 10_15_7) AppleWebKit/605.1.15 (KHTML, like Gecko) Version/14.1.2 Safari/605.1.15"
172.16.254.1 - - [08/Sep/2024:04:22:26 +0000] "PUT /home HTTP/1.1" 201 341 "https://www.rousseltm.fr" "Mozilla/5.0 (Linux; Android 9; SM-G960F) AppleWebKit/537.36 (KHTML, like Gecko) Chrome/91.0.4472.114 Mobile Safari/537.36"
198.51.100.99 - - [09/Sep/2024:16:42:26 +0000] "POST /login HTTP/1.1" 500 888 "https://elearning.rousseltm.fr" "Mozilla/5.0 (Windows NT 10.0; Win64; x64; rv:91.0) Gecko/20100101 Firefox/91.0"
192.168.1.10 - - [09/Sep/2024:08:11:26 +0000] "DELETE /home HTTP/1.1" 301 994 "https://www.rousseltm.fr" "Mozilla/5.0 (iPhone; CPU iPhone OS 14_7_1 like Mac OS X) AppleWebKit/605.1.15 (KHTML, like Gecko) Version/14.1.2 Mobile/15E148 Safari/604.1"
172.16.254.1 - - [07/Sep/2024:13:06:26 +0000] "PATCH /home HTTP/1.1" 302 476 "-" "Mozilla/5.0 (Windows NT 10.0; Win64; x64; rv:91.0) Gecko/20100101 Firefox/91.0"
203.0.113.5 - - [08/Sep/2024:00:11:26 +0000] "GET /search HTTP/1.1" 204 772 "https://martin.lekpa.fr" "Mozilla/5.0 (Linux; Android 9; SM-G960F) AppleWebKit/537.36 (KHTML, like Gecko) Chrome/91.0.4472.114 Mobile Safari/537.36"
192.168.1.10 - - [10/Sep/2024:14:42:26 +0000] "PATCH /about HTTP/1.1" 403 295 "-" "Mozilla/5.0 (iPhone; CPU iPhone OS 14_7_1 like Mac OS X) AppleWebKit/605.1.15 (KHTML, like Gecko) Version/14.1.2 Mobile/15E148 Safari/604.1"
192.0.2.33 - - [10/Sep/2024:14:37:26 +0000] "PUT /login HTTP/1.1" 201 335 "https://www.rousseltm.fr" "Mozilla/5.0 (Windows NT 10.0; Win64; x64) AppleWebKit/537.36 (KHTML, like Gecko) Chrome/93.0.4577.63 Safari/537.36"
192.0.2.33 - - [14/Sep/2024:05:50:26 +0000] "GET /search HTTP/1.1" 302 713 "https://martin.lekpa.fr" "Mozilla/5.0 (Windows NT 10.0; Win64; x64; rv:91.0) Gecko/20100101 Firefox/91.0"
203.0.113.5 - - [08/Sep/2024:17:12:26 +0000] "PUT /login HTTP/1.1" 200 673 "https://elearning.rousseltm.fr" "Mozilla/5.0 (Macintosh; Intel Mac OS X 10_15_7) AppleWebKit/605.1.15 (KHTML, like Gecko) Version/14.1.2 Safari/605.1.15"
192.168.100.1 - - [10/Sep/2024:14:10:26 +0000] "PUT /about HTTP/1.1" 404 847 "-" "Mozilla/5.0 (Windows NT 10.0; Win64; x64; rv:91.0) Gecko/20100101 Firefox/91.0"
172.16.254.1 - - [08/Sep/2024:11:46:26 +0000] "PUT /login HTTP/1.1" 200 876 "https://elearning.rousseltm.fr" "Mozilla/5.0 (Windows NT 10.0; Win64; x64) AppleWebKit/537.36 (KHTML, like Gecko) Chrome/93.0.4577.63 Safari/537.36"
192.0.2.33 - - [12/Sep/2024:21:32:26 +0000] "PATCH / HTTP/1.1" 204 163 "https://martin.lekpa.fr" "Mozilla/5.0 (Windows NT 10.0; Win64; x64; rv:91.0) Gecko/20100101 Firefox/91.0"
203.0.113.5 - - [09/Sep/2024:01:38:26 +0000] "PATCH /about HTTP/1.1" 204 410 "https://martin.lekpa.fr" "Mozilla/5.0 (Windows NT 10.0; Win64; x64) AppleWebKit/537.36 (KHTML, like Gecko) Chrome/93.0.4577.63 Safari/537.36"
192.168.1.10 - - [12/Sep/2024:08:34:26 +0000] "GET / HTTP/1.1" 301 716 "https://www.rousseltm.fr" "Mozilla/5.0 (Macintosh; Intel Mac OS X 10_15_7) AppleWebKit/605.1.15 (KHTML, like Gecko) Version/14.1.2 Safari/605.1.15"
203.0.113.195 - - [10/Sep/2024:08:19:26 +0000] "GET /login HTTP/1.1" 302 870 "https://martin.lekpa.fr" "Mozilla/5.0 (Linux; Android 9; SM-G960F) AppleWebKit/537.36 (KHTML, like Gecko) Chrome/91.0.4472.114 Mobile Safari/537.36"
192.0.2.33 - - [13/Sep/2024:12:45:26 +0000] "GET /products HTTP/1.1" 204 671 "-" "Mozilla/5.0 (Windows NT 10.0; Win64; x64; rv:91.0) Gecko/20100101 Firefox/91.0"
192.168.1.10 - - [11/Sep/2024:02:44:26 +0000] "GET /products HTTP/1.1" 204 301 "-" "Mozilla/5.0 (Windows NT 10.0; Win64; x64) AppleWebKit/537.36 (KHTML, like Gecko) Chrome/93.0.4577.63 Safari/537.36"
172.16.254.1 - - [08/Sep/2024:15:37:26 +0000] "GET /home HTTP/1.1" 404 203 "https://elearning.rousseltm.fr" "Mozilla/5.0 (Windows NT 10.0; Win64; x64) AppleWebKit/537.36 (KHTML, like Gecko) Chrome/93.0.4577.63 Safari/537.36"
172.16.254.1 - - [08/Sep/2024:05:15:26 +0000] "DELETE / HTTP/1.1" 404 186 "https://www.rousseltm.fr" "Mozilla/5.0 (Macintosh; Intel Mac OS X 10_15_7) AppleWebKit/605.1.15 (KHTML, like Gecko) Version/14.1.2 Safari/605.1.15"
198.51.100.99 - - [12/Sep/2024:12:10:26 +0000] "PUT /search HTTP/1.1" 201 165 "https://martin.lekpa.fr" "Mozilla/5.0 (iPhone; CPU iPhone OS 14_7_1 like Mac OS X) AppleWebKit/605.1.15 (KHTML, like Gecko) Version/14.1.2 Mobile/15E148 Safari/604.1"
198.51.100.99 - - [12/Sep/2024:11:23:26 +0000] "POST /login HTTP/1.1" 204 748 "https://elearning.rousseltm.fr" "Mozilla/5.0 (Macintosh; Intel Mac OS X 10_15_7) AppleWebKit/605.1.15 (KHTML, like Gecko) Version/14.1.2 Safari/605.1.15"
203.0.113.195 - - [10/Sep/2024:21:21:26 +0000] "PUT /products HTTP/1.1" 403 579 "https://martin.lekpa.fr" "Mozilla/5.0 (Macintosh; Intel Mac OS X 10_15_7) AppleWebKit/605.1.15 (KHTML, like Gecko) Version/14.1.2 Safari/605.1.15"
127.0.0.1 - - [08/Sep/2024:04:41:26 +0000] "PUT / HTTP/1.1" 500 310 "https://www.rousseltm.fr" "Mozilla/5.0 (Macintosh; Intel Mac OS X 10_15_7) AppleWebKit/605.1.15 (KHTML, like Gecko) Version/14.1.2 Safari/605.1.15"
192.0.2.33 - - [07/Sep/2024:15:50:26 +0000] "PATCH /contact HTTP/1.1" 400 612 "-" "Mozilla/5.0 (iPhone; CPU iPhone OS 14_7_1 like Mac OS X) AppleWebKit/605.1.15 (KHTML, like Gecko) Version/14.1.2 Mobile/15E148 Safari/604.1"
127.0.0.1 - - [13/Sep/2024:07:35:26 +0000] "POST /about HTTP/1.1" 302 720 "https://elearning.rousseltm.fr" "Mozilla/5.0 (iPhone; CPU iPhone OS 14_7_1 like Mac OS X) AppleWebKit/605.1.15 (KHTML, like Gecko) Version/14.1.2 Mobile/15E148 Safari/604.1"
198.51.100.22 - - [13/Sep/2024:04:41:26 +0000] "PUT /products HTTP/1.1" 403 746 "https://martin.lekpa.fr" "Mozilla/5.0 (Macintosh; Intel Mac OS X 10_15_7) AppleWebKit/605.1.15 (KHTML, like Gecko) Version/14.1.2 Safari/605.1.15"
192.168.1.10 - - [09/Sep/2024:11:19:26 +0000] "POST /home HTTP/1.1" 200 894 "https://www.rousseltm.fr" "Mozilla/5.0 (iPhone; CPU iPhone OS 14_7_1 like Mac OS X) AppleWebKit/605.1.15 (KHTML, like Gecko) Version/14.1.2 Mobile/15E148 Safari/604.1"
203.0.113.5 - - [13/Sep/2024:23:05:26 +0000] "GET /search HTTP/1.1" 200 715 "https://www.rousseltm.fr" "Mozilla/5.0 (Macintosh; Intel Mac OS X 10_15_7) AppleWebKit/605.1.15 (KHTML, like Gecko) Version/14.1.2 Safari/605.1.15"
198.51.100.22 - - [12/Sep/2024:05:20:26 +0000] "GET /home HTTP/1.1" 503 821 "https://martin.lekpa.fr" "Mozilla/5.0 (iPhone; CPU iPhone OS 14_7_1 like Mac OS X) AppleWebKit/605.1.15 (KHTML, like Gecko) Version/14.1.2 Mobile/15E148 Safari/604.1"
172.16.254.1 - - [11/Sep/2024:22:50:26 +0000] "GET /about HTTP/1.1" 400 440 "https://elearning.rousseltm.fr" "Mozilla/5.0 (iPhone; CPU iPhone OS 14_7_1 like Mac OS X) AppleWebKit/605.1.15 (KHTML, like Gecko) Version/14.1.2 Mobile/15E148 Safari/604.1"
172.16.254.1 - - [09/Sep/2024:06:20:26 +0000] "PATCH / HTTP/1.1" 404 556 "https://martin.lekpa.fr" "Mozilla/5.0 (iPhone; CPU iPhone OS 14_7_1 like Mac OS X) AppleWebKit/605.1.15 (KHTML, like Gecko) Version/14.1.2 Mobile/15E148 Safari/604.1"
192.0.2.33 - - [12/Sep/2024:14:08:26 +0000] "PATCH /search HTTP/1.1" 403 974 "https://www.rousseltm.fr" "Mozilla/5.0 (Windows NT 10.0; Win64; x64) AppleWebKit/537.36 (KHTML, like Gecko) Chrome/93.0.4577.63 Safari/537.36"
192.0.2.33 - - [09/Sep/2024:01:32:26 +0000] "POST /search HTTP/1.1" 404 137 "https://elearning.rousseltm.fr" "Mozilla/5.0 (Linux; Android 9; SM-G960F) AppleWebKit/537.36 (KHTML, like Gecko) Chrome/91.0.4472.114 Mobile Safari/537.36"
192.168.1.10 - - [08/Sep/2024:06:34:26 +0000] "POST /contact HTTP/1.1" 302 428 "https://elearning.rousseltm.fr" "Mozilla/5.0 (Windows NT 10.0; Win64; x64; rv:91.0) Gecko/20100101 Firefox/91.0"
203.0.113.195 - - [13/Sep/2024:15:39:26 +0000] "PATCH /admin HTTP/1.1" 400 786 "-" "Mozilla/5.0 (Macintosh; Intel Mac OS X 10_15_7) AppleWebKit/605.1.15 (KHTML, like Gecko) Version/14.1.2 Safari/605.1.15"
192.168.1.10 - - [12/Sep/2024:04:10:26 +0000] "DELETE /search HTTP/1.1" 500 159 "https://martin.lekpa.fr" "Mozilla/5.0 (Windows NT 10.0; Win64; x64; rv:91.0) Gecko/20100101 Firefox/91.0"
192.168.1.10 - - [12/Sep/2024:23:40:26 +0000] "PUT /admin HTTP/1.1" 500 450 "https://elearning.rousseltm.fr" "Mozilla/5.0 (Windows NT 10.0; Win64; x64) AppleWebKit/537.36 (KHTML, like Gecko) Chrome/93.0.4577.63 Safari/537.36"
192.168.100.1 - - [08/Sep/2024:17:14:26 +0000] "POST /contact HTTP/1.1" 301 384 "https://elearning.rousseltm.fr" "Mozilla/5.0 (iPhone; CPU iPhone OS 14_7_1 like Mac OS X) AppleWebKit/605.1.15 (KHTML, like Gecko) Version/14.1.2 Mobile/15E148 Safari/604.1"
172.16.254.1 - - [10/Sep/2024:21:10:26 +0000] "PUT /contact HTTP/1.1" 400 871 "-" "Mozilla/5.0 (Windows NT 10.0; Win64; x64) AppleWebKit/537.36 (KHTML, like Gecko) Chrome/93.0.4577.63 Safari/537.36"
198.51.100.99 - - [11/Sep/2024:07:10:26 +0000] "PUT /search HTTP/1.1" 302 499 "-" "Mozilla/5.0 (iPhone; CPU iPhone OS 14_7_1 like Mac OS X) AppleWebKit/605.1.15 (KHTML, like Gecko) Version/14.1.2 Mobile/15E148 Safari/604.1"
192.168.100.1 - - [10/Sep/2024:03:47:26 +0000] "DELETE / HTTP/1.1" 301 699 "https://elearning.rousseltm.fr" "Mozilla/5.0 (Windows NT 10.0; Win64; x64) AppleWebKit/537.36 (KHTML, like Gecko) Chrome/93.0.4577.63 Safari/537.36"
203.0.113.195 - - [12/Sep/2024:15:05:26 +0000] "DELETE /products HTTP/1.1" 400 802 "https://www.rousseltm.fr" "Mozilla/5.0 (Macintosh; Intel Mac OS X 10_15_7) AppleWebKit/605.1.15 (KHTML, like Gecko) Version/14.1.2 Safari/605.1.15"
203.0.113.5 - - [12/Sep/2024:16:03:26 +0000] "PUT /home HTTP/1.1" 200 856 "https://martin.lekpa.fr" "Mozilla/5.0 (Macintosh; Intel Mac OS X 10_15_7) AppleWebKit/605.1.15 (KHTML, like Gecko) Version/14.1.2 Safari/605.1.15"
192.168.1.10 - - [14/Sep/2024:02:38:26 +0000] "PATCH /contact HTTP/1.1" 400 950 "https://martin.lekpa.fr" "Mozilla/5.0 (Linux; Android 9; SM-G960F) AppleWebKit/537.36 (KHTML, like Gecko) Chrome/91.0.4472.114 Mobile Safari/537.36"
192.0.2.33 - - [13/Sep/2024:21:11:26 +0000] "DELETE /products HTTP/1.1" 201 755 "-" "Mozilla/5.0 (Windows NT 10.0; Win64; x64; rv:91.0) Gecko/20100101 Firefox/91.0"
198.51.100.99 - - [12/Sep/2024:20:14:26 +0000] "GET /login HTTP/1.1" 404 295 "https://www.rousseltm.fr" "Mozilla/5.0 (Windows NT 10.0; Win64; x64) AppleWebKit/537.36 (KHTML, like Gecko) Chrome/93.0.4577.63 Safari/537.36"
203.0.113.5 - - [08/Sep/2024:15:06:26 +0000] "DELETE /search HTTP/1.1" 400 359 "https://www.rousseltm.fr" "Mozilla/5.0 (Windows NT 10.0; Win64; x64; rv:91.0) Gecko/20100101 Firefox/91.0"
203.0.113.5 - - [14/Sep/2024:04:44:26 +0000] "PUT /admin HTTP/1.1" 301 786 "https://elearning.rousseltm.fr" "Mozilla/5.0 (Linux; Android 9; SM-G960F) AppleWebKit/537.36 (KHTML, like Gecko) Chrome/91.0.4472.114 Mobile Safari/537.36"
192.168.1.10 - - [11/Sep/2024:09:43:26 +0000] "DELETE /about HTTP/1.1" 301 464 "https://www.rousseltm.fr" "Mozilla/5.0 (Windows NT 10.0; Win64; x64) AppleWebKit/537.36 (KHTML, like Gecko) Chrome/93.0.4577.63 Safari/537.36"
203.0.113.5 - - [08/Sep/2024:11:31:26 +0000] "POST /about HTTP/1.1" 400 978 "-" "Mozilla/5.0 (Windows NT 10.0; Win64; x64; rv:91.0) Gecko/20100101 Firefox/91.0"
203.0.113.195 - - [11/Sep/2024:20:32:26 +0000] "DELETE /home HTTP/1.1" 404 260 "https://www.rousseltm.fr" "Mozilla/5.0 (Linux; Android 9; SM-G960F) AppleWebKit/537.36 (KHTML, like Gecko) Chrome/91.0.4472.114 Mobile Safari/537.36"
172.16.254.1 - - [08/Sep/2024:19:24:26 +0000] "DELETE /admin HTTP/1.1" 503 506 "https://elearning.rousseltm.fr" "Mozilla/5.0 (Windows NT 10.0; Win64; x64; rv:91.0) Gecko/20100101 Firefox/91.0"
192.168.100.1 - - [09/Sep/2024:07:46:26 +0000] "PUT /login HTTP/1.1" 404 472 "-" "Mozilla/5.0 (Windows NT 10.0; Win64; x64) AppleWebKit/537.36 (KHTML, like Gecko) Chrome/93.0.4577.63 Safari/537.36"
203.0.113.5 - - [11/Sep/2024:12:50:26 +0000] "PUT /login HTTP/1.1" 500 637 "https://martin.lekpa.fr" "Mozilla/5.0 (Windows NT 10.0; Win64; x64; rv:91.0) Gecko/20100101 Firefox/91.0"
203.0.113.5 - - [09/Sep/2024:09:39:26 +0000] "DELETE /search HTTP/1.1" 204 235 "https://www.rousseltm.fr" "Mozilla/5.0 (Windows NT 10.0; Win64; x64) AppleWebKit/537.36 (KHTML, like Gecko) Chrome/93.0.4577.63 Safari/537.36"
172.16.254.1 - - [12/Sep/2024:14:24:26 +0000] "GET /admin HTTP/1.1" 404 224 "https://martin.lekpa.fr" "Mozilla/5.0 (Windows NT 10.0; Win64; x64; rv:91.0) Gecko/20100101 Firefox/91.0"
203.0.113.195 - - [09/Sep/2024:08:24:26 +0000] "DELETE /contact HTTP/1.1" 503 505 "https://elearning.rousseltm.fr" "Mozilla/5.0 (Macintosh; Intel Mac OS X 10_15_7) AppleWebKit/605.1.15 (KHTML, like Gecko) Version/14.1.2 Safari/605.1.15"
203.0.113.195 - - [12/Sep/2024:11:51:26 +0000] "GET /admin HTTP/1.1" 201 993 "https://www.rousseltm.fr" "Mozilla/5.0 (Windows NT 10.0; Win64; x64) AppleWebKit/537.36 (KHTML, like Gecko) Chrome/93.0.4577.63 Safari/537.36"
203.0.113.5 - - [11/Sep/2024:10:17:26 +0000] "PATCH /about HTTP/1.1" 200 904 "https://elearning.rousseltm.fr" "Mozilla/5.0 (iPhone; CPU iPhone OS 14_7_1 like Mac OS X) AppleWebKit/605.1.15 (KHTML, like Gecko) Version/14.1.2 Mobile/15E148 Safari/604.1"
198.51.100.99 - - [13/Sep/2024:23:10:26 +0000] "DELETE /login HTTP/1.1" 301 707 "https://elearning.rousseltm.fr" "Mozilla/5.0 (Linux; Android 9; SM-G960F) AppleWebKit/537.36 (KHTML, like Gecko) Chrome/91.0.4472.114 Mobile Safari/537.36"
192.0.2.33 - - [13/Sep/2024:15:23:26 +0000] "GET / HTTP/1.1" 201 510 "https://martin.lekpa.fr" "Mozilla/5.0 (Windows NT 10.0; Win64; x64) AppleWebKit/537.36 (KHTML, like Gecko) Chrome/93.0.4577.63 Safari/537.36"
10.0.0.1 - - [11/Sep/2024:14:42:26 +0000] "PATCH /about HTTP/1.1" 204 106 "https://elearning.rousseltm.fr" "Mozilla/5.0 (Linux; Android 9; SM-G960F) AppleWebKit/537.36 (KHTML, like Gecko) Chrome/91.0.4472.114 Mobile Safari/537.36"
127.0.0.1 - - [10/Sep/2024:12:04:26 +0000] "PATCH /search HTTP/1.1" 204 456 "https://www.rousseltm.fr" "Mozilla/5.0 (Windows NT 10.0; Win64; x64; rv:91.0) Gecko/20100101 Firefox/91.0"
192.168.100.1 - - [14/Sep/2024:05:50:26 +0000] "PATCH /admin HTTP/1.1" 500 648 "https://martin.lekpa.fr" "Mozilla/5.0 (iPhone; CPU iPhone OS 14_7_1 like Mac OS X) AppleWebKit/605.1.15 (KHTML, like Gecko) Version/14.1.2 Mobile/15E148 Safari/604.1"
192.168.1.10 - - [09/Sep/2024:15:35:26 +0000] "PUT /search HTTP/1.1" 400 141 "https://martin.lekpa.fr" "Mozilla/5.0 (Windows NT 10.0; Win64; x64; rv:91.0) Gecko/20100101 Firefox/91.0"
203.0.113.195 - - [08/Sep/2024:13:55:26 +0000] "POST /contact HTTP/1.1" 500 701 "https://elearning.rousseltm.fr" "Mozilla/5.0 (Macintosh; Intel Mac OS X 10_15_7) AppleWebKit/605.1.15 (KHTML, like Gecko) Version/14.1.2 Safari/605.1.15"
192.168.1.10 - - [12/Sep/2024:15:31:26 +0000] "PUT /home HTTP/1.1" 404 730 "-" "Mozilla/5.0 (iPhone; CPU iPhone OS 14_7_1 like Mac OS X) AppleWebKit/605.1.15 (KHTML, like Gecko) Version/14.1.2 Mobile/15E148 Safari/604.1"
198.51.100.99 - - [12/Sep/2024:10:58:26 +0000] "PATCH / HTTP/1.1" 200 939 "https://martin.lekpa.fr" "Mozilla/5.0 (Windows NT 10.0; Win64; x64) AppleWebKit/537.36 (KHTML, like Gecko) Chrome/93.0.4577.63 Safari/537.36"
203.0.113.195 - - [12/Sep/2024:12:39:26 +0000] "GET / HTTP/1.1" 403 309 "-" "Mozilla/5.0 (iPhone; CPU iPhone OS 14_7_1 like Mac OS X) AppleWebKit/605.1.15 (KHTML, like Gecko) Version/14.1.2 Mobile/15E148 Safari/604.1"
127.0.0.1 - - [11/Sep/2024:17:33:26 +0000] "DELETE / HTTP/1.1" 500 989 "-" "Mozilla/5.0 (Windows NT 10.0; Win64; x64; rv:91.0) Gecko/20100101 Firefox/91.0"
198.51.100.22 - - [09/Sep/2024:03:07:26 +0000] "GET /home HTTP/1.1" 204 342 "https://martin.lekpa.fr" "Mozilla/5.0 (Windows NT 10.0; Win64; x64; rv:91.0) Gecko/20100101 Firefox/91.0"
172.16.254.1 - - [13/Sep/2024:23:28:26 +0000] "PATCH /about HTTP/1.1" 201 364 "https://elearning.rousseltm.fr" "Mozilla/5.0 (iPhone; CPU iPhone OS 14_7_1 like Mac OS X) AppleWebKit/605.1.15 (KHTML, like Gecko) Version/14.1.2 Mobile/15E148 Safari/604.1"
192.0.2.33 - - [08/Sep/2024:16:58:26 +0000] "PUT /contact HTTP/1.1" 201 383 "https://elearning.rousseltm.fr" "Mozilla/5.0 (Windows NT 10.0; Win64; x64; rv:91.0) Gecko/20100101 Firefox/91.0"
198.51.100.99 - - [07/Sep/2024:11:51:26 +0000] "PUT /about HTTP/1.1" 302 136 "https://martin.lekpa.fr" "Mozilla/5.0 (Macintosh; Intel Mac OS X 10_15_7) AppleWebKit/605.1.15 (KHTML, like Gecko) Version/14.1.2 Safari/605.1.15"
127.0.0.1 - - [12/Sep/2024:22:33:26 +0000] "DELETE /home HTTP/1.1" 302 376 "https://martin.lekpa.fr" "Mozilla/5.0 (Linux; Android 9; SM-G960F) AppleWebKit/537.36 (KHTML, like Gecko) Chrome/91.0.4472.114 Mobile Safari/537.36"
192.168.100.1 - - [12/Sep/2024:09:49:26 +0000] "GET /search HTTP/1.1" 302 847 "https://elearning.rousseltm.fr" "Mozilla/5.0 (Windows NT 10.0; Win64; x64) AppleWebKit/537.36 (KHTML, like Gecko) Chrome/93.0.4577.63 Safari/537.36"
198.51.100.99 - - [11/Sep/2024:09:42:26 +0000] "GET /search HTTP/1.1" 201 602 "https://martin.lekpa.fr" "Mozilla/5.0 (Linux; Android 9; SM-G960F) AppleWebKit/537.36 (KHTML, like Gecko) Chrome/91.0.4472.114 Mobile Safari/537.36"
127.0.0.1 - - [12/Sep/2024:13:50:26 +0000] "DELETE /products HTTP/1.1" 503 950 "https://martin.lekpa.fr" "Mozilla/5.0 (Windows NT 10.0; Win64; x64) AppleWebKit/537.36 (KHTML, like Gecko) Chrome/93.0.4577.63 Safari/537.36"
192.168.100.1 - - [13/Sep/2024:06:26:26 +0000] "POST /products HTTP/1.1" 301 959 "https://www.rousseltm.fr" "Mozilla/5.0 (Macintosh; Intel Mac OS X 10_15_7) AppleWebKit/605.1.15 (KHTML, like Gecko) Version/14.1.2 Safari/605.1.15"
192.0.2.33 - - [09/Sep/2024:04:21:26 +0000] "GET /search HTTP/1.1" 301 524 "https://www.rousseltm.fr" "Mozilla/5.0 (Macintosh; Intel Mac OS X 10_15_7) AppleWebKit/605.1.15 (KHTML, like Gecko) Version/14.1.2 Safari/605.1.15"
198.51.100.99 - - [08/Sep/2024:08:20:26 +0000] "PATCH /products HTTP/1.1" 301 899 "https://elearning.rousseltm.fr" "Mozilla/5.0 (Linux; Android 9; SM-G960F) AppleWebKit/537.36 (KHTML, like Gecko) Chrome/91.0.4472.114 Mobile Safari/537.36"
198.51.100.22 - - [09/Sep/2024:00:07:26 +0000] "DELETE /login HTTP/1.1" 404 291 "-" "Mozilla/5.0 (Windows NT 10.0; Win64; x64) AppleWebKit/537.36 (KHTML, like Gecko) Chrome/93.0.4577.63 Safari/537.36"
192.168.100.1 - - [13/Sep/2024:15:58:26 +0000] "GET /contact HTTP/1.1" 201 529 "https://www.rousseltm.fr" "Mozilla/5.0 (iPhone; CPU iPhone OS 14_7_1 like Mac OS X) AppleWebKit/605.1.15 (KHTML, like Gecko) Version/14.1.2 Mobile/15E148 Safari/604.1"
203.0.113.5 - - [08/Sep/2024:05:51:26 +0000] "PATCH /about HTTP/1.1" 201 969 "https://martin.lekpa.fr" "Mozilla/5.0 (iPhone; CPU iPhone OS 14_7_1 like Mac OS X) AppleWebKit/605.1.15 (KHTML, like Gecko) Version/14.1.2 Mobile/15E148 Safari/604.1"
192.168.1.10 - - [07/Sep/2024:18:56:26 +0000] "DELETE /products HTTP/1.1" 301 348 "-" "Mozilla/5.0 (Linux; Android 9; SM-G960F) AppleWebKit/537.36 (KHTML, like Gecko) Chrome/91.0.4472.114 Mobile Safari/537.36"
192.0.2.33 - - [09/Sep/2024:14:24:26 +0000] "POST /contact HTTP/1.1" 503 637 "https://www.rousseltm.fr" "Mozilla/5.0 (Windows NT 10.0; Win64; x64) AppleWebKit/537.36 (KHTML, like Gecko) Chrome/93.0.4577.63 Safari/537.36"
203.0.113.5 - - [12/Sep/2024:21:08:26 +0000] "PUT /products HTTP/1.1" 403 967 "https://martin.lekpa.fr" "Mozilla/5.0 (Windows NT 10.0; Win64; x64; rv:91.0) Gecko/20100101 Firefox/91.0"
203.0.113.5 - - [10/Sep/2024:03:27:26 +0000] "PATCH /contact HTTP/1.1" 204 731 "-" "Mozilla/5.0 (Windows NT 10.0; Win64; x64) AppleWebKit/537.36 (KHTML, like Gecko) Chrome/93.0.4577.63 Safari/537.36"
203.0.113.5 - - [12/Sep/2024:18:24:26 +0000] "PUT /contact HTTP/1.1" 301 100 "https://martin.lekpa.fr" "Mozilla/5.0 (iPhone; CPU iPhone OS 14_7_1 like Mac OS X) AppleWebKit/605.1.15 (KHTML, like Gecko) Version/14.1.2 Mobile/15E148 Safari/604.1"
192.168.1.10 - - [08/Sep/2024:04:11:26 +0000] "POST /home HTTP/1.1" 503 239 "https://martin.lekpa.fr" "Mozilla/5.0 (Windows NT 10.0; Win64; x64; rv:91.0) Gecko/20100101 Firefox/91.0"
