198.51.100.22 - - [10/Sep/2024:21:01:26 +0000] "PATCH /about HTTP/1.1" 403 856 "https://elearning.rousseltm.fr" "Mozilla/5.0 (Macintosh; Intel Mac OS X 10_15_7) AppleWebKit/605.1.15 (KHTML, like Gecko) Version/14.1.2 Safari/605.1.15"
198.51.100.99 - - [14/Sep/2024:03:03:26 +0000] "PUT /search HTTP/1.1" 201 790 "https://www.rousseltm.fr" "Mozilla/5.0 (Macintosh; Intel Mac OS X 10_15_7) AppleWebKit/605.1.15 (KHTML, like Gecko) Version/14.1.2 Safari/605.1.15"
198.51.100.22 - - [10/Sep/2024:23:21:26 +0000] "DELETE /products HTTP/1.1" 503 425 "https://www.rousseltm.fr" "Mozilla/5.0 (Windows NT 10.0; Win64; x64) AppleWebKit/537.36 (KHTML, like Gecko) Chrome/93.0.4577.63 Safari/537.36"
127.0.0.1 - - [12/Sep/2024:17:10:26 +0000] "PATCH /home HTTP/1.1" 200 607 "https://elearning.rousseltm.fr" "Mozilla/5.0 (Windows NT 10.0; Win64; x64; rv:91.0) Gecko/20100101 Firefox/91.0"
203.0.113.195 - - [11/Sep/2024:19:58:26 +0000] "POST /admin HTTP/1.1" 301 885 "https://martin.lekpa.fr" "Mozilla/5.0 (Linux; Android 9; SM-G960F) AppleWebKit/537.36 (KHTML, like Gecko) Chrome/91.0.4472.114 Mobile Safari/537.36"
192.168.1.10 - - [07/Sep/2024:22:54:26 +0000] "PATCH /products HTTP/1.1" 200 582 "https://martin.lekpa.fr" "Mozilla/5.0 (Windows NT 10.0; Win64; x64) AppleWebKit/537.36 (KHTML, like Gecko) Chrome/93.0.4577.63 Safari/537.36"
172.16.254.1 - - [08/Sep/2024:00:49:26 +0000] "GET /about HTTP/1.1" 503 907 "https://elearning.rousseltm.fr" "Mozilla/5.0 (Windows NT 10.0; Win64; x64; rv:91.0) Gecko/20100101 Firefox/91.0"
192.0.2.33 - - [09/Sep/2024:21:01:26 +0000] "POST /login HTTP/1.1" 404 901 "https://martin.lekpa.fr" "Mozilla/5.0 (Windows NT 10.0; Win64; x64) AppleWebKit/537.36 (KHTML, like Gecko) Chrome/93.0.4577.63 Safari/537.36"
203.0.113.195 - - [10/Sep/2024:21:05:26 +0000] "PATCH /login HTTP/1.1" 301 104 "https://www.rousseltm.fr" "Mozilla/5.0 (Macintosh; Intel Mac OS X 10_15_7) AppleWebKit/605.1.15 (KHTML, like Gecko) Version/14.1.2 Safari/605.1.15"
203.0.113.195 - - [09/Sep/2024:01:15:26 +0000] "PATCH /contact HTTP/1.1" 204 439 "https://www.rousseltm.fr" "Mozilla/5.0 (iPhone; CPU iPhone OS 14_7_1 like Mac OS X) AppleWebKit/605.1.15 (KHTML, like Gecko) Version/14.1.2 Mobile/15E148 Safari/604.1"
203.0.113.5 - - [08/Sep/2024:05:58:26 +0000] "PATCH / HTTP/1.1" 403 377 "https://martin.lekpa.fr" "Mozilla/5.0 (Macintosh; Intel Mac OS X 10_15_7) AppleWebKit/605.1.15 (KHTML, like Gecko) Version/14.1.2 Safari/605.1.15"
192.168.100.1 - - [11/Sep/2024:21:28:26 +0000] "DELETE /home HTTP/1.1" 204 156 "-" "Mozilla/5.0 (iPhone; CPU iPhone OS 14_7_1 like Mac OS X) AppleWebKit/605.1.15 (KHTML, like Gecko) Version/14.1.2 Mobile/15E148 Safari/604.1"
198.51.100.99 - - [10/Sep/2024:23:31:26 +0000] "DELETE /admin HTTP/1.1" 400 408 "-" "Mozilla/5.0 (Windows NT 10.0; Win64; x64; rv:91.0) Gecko/20100101 Firefox/91.0"
203.0.113.195 - - [10/Sep/2024:12:49:26 +0000] "PATCH / HTTP/1.1" 404 420 "https://www.rousseltm.fr" "Mozilla/5.0 (Windows NT 10.0; Win64; x64; rv:91.0) Gecko/20100101 Firefox/91.0"
198.51.100.99 - - [10/Sep/2024:11:24:26 +0000] "PATCH /search HTTP/1.1" 500 588 "https://elearning.rousseltm.fr" "Mozilla/5.0 (iPhone; CPU iPhone OS 14_7_1 like Mac OS X) AppleWebKit/605.1.15 (KHTML, like Gecko) Version/14.1.2 Mobile/15E148 Safari/604.1"
198.51.100.99 - - [07/Sep/2024:13:06:26 +0000] "PUT /home HTTP/1.1" 204 455 "https://elearning.rousseltm.fr" "Mozilla/5.0 (Windows NT 10.0; Win64; x64; rv:91.0) Gecko/20100101 Firefox/91.0"
192.168.100.1 - - [11/Sep/2024:12:45:26 +0000] "DELETE /contact HTTP/1.1" 500 871 "https://martin.lekpa.fr" "Mozilla/5.0 (Windows NT 10.0; Win64; x64; rv:91.0) Gecko/20100101 Firefox/91.0"
127.0.0.1 - - [09/Sep/2024:06:49:26 +0000] "PUT / HTTP/1.1" 404 936 "https://martin.lekpa.fr" "Mozilla/5.0 (Windows NT 10.0; Win64; x64) AppleWebKit/537.36 (KHTML, like Gecko) Chrome/93.0.4577.63 Safari/537.36"
127.0.0.1 - - [11/Sep/2024:04:14:26 +0000] "DELETE /contact HTTP/1.1" 301 221 "https://elearning.rousseltm.fr" "Mozilla/5.0 (Windows NT 10.0; Win64; x64; rv:91.0) Gecko/20100101 Firefox/91.0"
192.168.100.1 - - [08/Sep/2024:06:49:26 +0000] "PATCH /about HTTP/1.1" 201 471 "https://martin.lekpa.fr" "Mozilla/5.0 (Windows NT 10.0; Win64; x64) AppleWebKit/537.36 (KHTML, like Gecko) Chrome/93.0.4577.63 Safari/537.36"
203.0.113.195 - - [11/Sep/2024:13:17:26 +0000] "GET /login HTTP/1.1" 302 702 "https://martin.lekpa.fr" "Mozilla/5.0 (Windows NT 10.0; Win64; x64; rv:91.0) Gecko/20100101 Firefox/91.0"
203.0.113.195 - - [13/Sep/2024:13:49:26 +0000] "GET /contact HTTP/1.1" 301 432 "https://elearning.rousseltm.fr" "Mozilla/5.0 (Windows NT 10.0; Win64; x64; rv:91.0) Gecko/20100101 Firefox/91.0"
198.51.100.99 - - [12/Sep/2024:19:32:26 +0000] "PATCH /admin HTTP/1.1" 404 358 "https://elearning.rousseltm.fr" "Mozilla/5.0 (Macintosh; Intel Mac OS X 10_15_7) AppleWebKit/605.1.15 (KHTML, like Gecko) Version/14.1.2 Safari/605.1.15"
10.0.0.1 - - [10/Sep/2024:03:10:26 +0000] "POST /home HTTP/1.1" 404 517 "https://elearning.rousseltm.fr" "Mozilla/5.0 (Linux; Android 9; SM-G960F) AppleWebKit/537.36 (KHTML, like Gecko) Chrome/91.0.4472.114 Mobile Safari/537.36"
172.16.254.1 - - [08/Sep/2024:14:51:26 +0000] "PATCH /admin HTTP/1.1" 201 831 "-" "Mozilla/5.0 (Linux; Android 9; SM-G960F) AppleWebKit/537.36 (KHTML, like Gecko) Chrome/91.0.4472.114 Mobile Safari/537.36"
203.0.113.195 - - [11/Sep/2024:16:13:26 +0000] "PUT /login HTTP/1.1" 301 234 "https://elearning.rousseltm.fr" "Mozilla/5.0 (Windows NT 10.0; Win64; x64; rv:91.0) Gecko/20100101 Firefox/91.0"
10.0.0.1 - - [07/Sep/2024:13:04:26 +0000] "PATCH /contact HTTP/1.1" 403 294 "-" "Mozilla/5.0 (Linux; Android 9; SM-G960F) AppleWebKit/537.36 (KHTML, like Gecko) Chrome/91.0.4472.114 Mobile Safari/537.36"
192.168.1.10 - - [07/Sep/2024:19:11:26 +0000] "DELETE /contact HTTP/1.1" 201 209 "https://www.rousseltm.fr" "Mozilla/5.0 (Windows NT 10.0; Win64; x64) AppleWebKit/537.36 (KHTML, like Gecko) Chrome/93.0.4577.63 Safari/537.36"
192.168.1.10 - - [13/Sep/2024:18:00:26 +0000] "GET /about HTTP/1.1" 302 684 "https://www.rousseltm.fr" "Mozilla/5.0 (Windows NT 10.0; Win64; x64; rv:91.0) Gecko/20100101 Firefox/91.0"
203.0.113.195 - - [08/Sep/2024:18:59:26 +0000] "DELETE /products HTTP/1.1" 400 911 "https://martin.lekpa.fr" "Mozilla/5.0 (Windows NT 10.0; Win64; x64; rv:91.0) Gecko/20100101 Firefox/91.0"
127.0.0.1 - - [09/Sep/2024:04:50:26 +0000] "DELETE / HTTP/1.1" 503 349 "https://martin.lekpa.fr" "Mozilla/5.0 (iPhone; CPU iPhone OS 14_7_1 like Mac OS X) AppleWebKit/605.1.15 (KHTML, like Gecko) Version/14.1.2 Mobile/15E148 Safari/604.1"
127.0.0.1 - - [07/Sep/2024:11:25:26 +0000] "PUT /about HTTP/1.1" 400 365 "https://www.rousseltm.fr" "Mozilla/5.0 (Macintosh; Intel Mac OS X 10_15_7) AppleWebKit/605.1.15 (KHTML, like Gecko) Version/14.1.2 Safari/605.1.15"
10.0.0.1 - - [13/Sep/2024:23:52:26 +0000] "PATCH /contact HTTP/1.1" 404 739 "-" "Mozilla/5.0 (iPhone; CPU iPhone OS 14_7_1 like Mac OS X) AppleWebKit/605.1.15 (KHTML, like Gecko) Version/14.1.2 Mobile/15E148 Safari/604.1"
127.0.0.1 - - [11/Sep/2024:04:42:26 +0000] "PATCH /admin HTTP/1.1" 204 776 "https://martin.lekpa.fr" "Mozilla/5.0 (Linux; Android 9; SM-G960F) AppleWebKit/537.36 (KHTML, like Gecko) Chrome/91.0.4472.114 Mobile Safari/537.36"
198.51.100.22 - - [11/Sep/2024:03:54:26 +0000] "GET /about HTTP/1.1" 400 475 "https://elearning.rousseltm.fr" "Mozilla/5.0 (iPhone; CPU iPhone OS 14_7_1 like Mac OS X) AppleWebKit/605.1.15 (KHTML, like Gecko) Version/14.1.2 Mobile/15E148 Safari/604.1"
10.0.0.1 - - [09/Sep/2024:09:50:26 +0000] "GET /admin HTTP/1.1" 500 908 "https://martin.lekpa.fr" "Mozilla/5.0 (Windows NT 10.0; Win64; x64) AppleWebKit/537.36 (KHTML, like Gecko) Chrome/93.0.4577.63 Safari/537.36"
127.0.0.1 - - [11/Sep/2024:23:01:26 +0000] "PUT /admin HTTP/1.1" 204 363 "https://martin.lekpa.fr" "Mozilla/5.0 (iPhone; CPU iPhone OS 14_7_1 like Mac OS X) AppleWebKit/605.1.15 (KHTML, like Gecko) Version/14.1.2 Mobile/15E148 Safari/604.1"
203.0.113.5 - - [09/Sep/2024:22:32:26 +0000] "POST /search HTTP/1.1" 400 755 "https://elearning.rousseltm.fr" "Mozilla/5.0 (Linux; Android 9; SM-G960F) AppleWebKit/537.36 (KHTML, like Gecko) Chrome/91.0.4472.114 Mobile Safari/537.36"
192.168.1.10 - - [12/Sep/2024:06:59:26 +0000] "POST /products HTTP/1.1" 201 276 "-" "Mozilla/5.0 (Windows NT 10.0; Win64; x64) AppleWebKit/537.36 (KHTML, like Gecko) Chrome/93.0.4577.63 Safari/537.36"
10.0.0.1 - - [11/Sep/2024:09:36:26 +0000] "DELETE /products HTTP/1.1" 404 949 "-" "Mozilla/5.0 (Linux; Android 9; SM-G960F) AppleWebKit/537.36 (KHTML, like Gecko) Chrome/91.0.4472.114 Mobile Safari/537.36"
192.0.2.33 - - [12/Sep/2024:13:59:26 +0000] "DELETE /admin HTTP/1.1" 403 175 "https://martin.lekpa.fr" "Mozilla/5.0 (Macintosh; Intel Mac OS X 10_15_7) AppleWebKit/605.1.15 (KHTML, like Gecko) Version/14.1.2 Safari/605.1.15"
172.16.254.1 - - [13/Sep/2024:06:28:26 +0000] "DELETE /home HTTP/1.1" 201 576 "https://martin.lekpa.fr" "Mozilla/5.0 (Windows NT 10.0; Win64; x64; rv:91.0) Gecko/20100101 Firefox/91.0"
192.168.100.1 - - [08/Sep/2024:18:29:26 +0000] "POST /home HTTP/1.1" 200 744 "https://www.rousseltm.fr" "Mozilla/5.0 (Macintosh; Intel Mac OS X 10_15_7) AppleWebKit/605.1.15 (KHTML, like Gecko) Version/14.1.2 Safari/605.1.15"
127.0.0.1 - - [10/Sep/2024:09:56:26 +0000] "POST /login HTTP/1.1" 204 154 "https://www.rousseltm.fr" "Mozilla/5.0 (Linux; Android 9; SM-G960F) AppleWebKit/537.36 (KHTML, like Gecko) Chrome/91.0.4472.114 Mobile Safari/537.36"
198.51.100.99 - - [09/Sep/2024:20:21:26 +0000] "GET /about HTTP/1.1" 204 712 "https://martin.lekpa.fr" "Mozilla/5.0 (Macintosh; Intel Mac OS X 10_15_7) AppleWebKit/605.1.15 (KHTML, like Gecko) Version/14.1.2 Safari/605.1.15"
127.0.0.1 - - [13/Sep/2024:11:06:26 +0000] "PUT /home HTTP/1.1" 301 521 "-" "Mozilla/5.0 (Windows NT 10.0; Win64; x64; rv:91.0) Gecko/20100101 Firefox/91.0"
10.0.0.1 - - [14/Sep/2024:04:36:26 +0000] "DELETE /search HTTP/1.1" 503 504 "https://www.rousseltm.fr" "Mozilla/5.0 (iPhone; CPU iPhone OS 14_7_1 like Mac OS X) AppleWebKit/605.1.15 (KHTML, like Gecko) Version/14.1.2 Mobile/15E148 Safari/604.1"
192.0.2.33 - - [12/Sep/2024:22:43:26 +0000] "GET /admin HTTP/1.1" 500 432 "https://www.rousseltm.fr" "Mozilla/5.0 (Windows NT 10.0; Win64; x64; rv:91.0) Gecko/20100101 Firefox/91.0"
10.0.0.1 - - [08/Sep/2024:11:31:26 +0000] "GET / HTTP/1.1" 500 784 "https://martin.lekpa.fr" "Mozilla/5.0 (iPhone; CPU iPhone OS 14_7_1 like Mac OS X) AppleWebKit/605.1.15 (KHTML, like Gecko) Version/14.1.2 Mobile/15E148 Safari/604.1"
192.168.1.10 - - [12/Sep/2024:23:57:26 +0000] "PATCH /home HTTP/1.1" 400 661 "-" "Mozilla/5.0 (iPhone; CPU iPhone OS 14_7_1 like Mac OS X) AppleWebKit/605.1.15 (KHTML, like Gecko) Version/14.1.2 Mobile/15E148 Safari/604.1"
192.0.2.33 - - [11/Sep/2024:19:51:26 +0000] "GET /contact HTTP/1.1" 302 671 "https://www.rousseltm.fr" "Mozilla/5.0 (iPhone; CPU iPhone OS 14_7_1 like Mac OS X) AppleWebKit/605.1.15 (KHTML, like Gecko) Version/14.1.2 Mobile/15E148 Safari/604.1"
198.51.100.99 - - [09/Sep/2024:03:15:26 +0000] "DELETE /home HTTP/1.1" 404 659 "https://www.rousseltm.fr" "Mozilla/5.0 (Linux; Android 9; SM-G960F) AppleWebKit/537.36 (KHTML, like Gecko) Chrome/91.0.4472.114 Mobile Safari/537.36"
192.0.2.33 - - [12/Sep/2024:03:00:26 +0000] "PATCH /search HTTP/1.1" 302 568 "https://www.rousseltm.fr" "Mozilla/5.0 (Windows NT 10.0; Win64; x64; rv:91.0) Gecko/20100101 Firefox/91.0"
198.51.100.99 - - [10/Sep/2024:23:40:26 +0000] "DELETE /home HTTP/1.1" 503 822 "https://www.rousseltm.fr" "Mozilla/5.0 (iPhone; CPU iPhone OS 14_7_1 like Mac OS X) AppleWebKit/605.1.15 (KHTML, like Gecko) Version/14.1.2 Mobile/15E148 Safari/604.1"
192.168.100.1 - - [13/Sep/2024:12:46:26 +0000] "GET / HTTP/1.1" 302 225 "https://martin.lekpa.fr" "Mozilla/5.0 (Macintosh; Intel Mac OS X 10_15_7) AppleWebKit/605.1.15 (KHTML, like Gecko) Version/14.1.2 Safari/605.1.15"
203.0.113.5 - - [08/Sep/2024:17:21:26 +0000] "PUT /about HTTP/1.1" 302 711 "https://www.rousseltm.fr" "Mozilla/5.0 (Macintosh; Intel Mac OS X 10_15_7) AppleWebKit/605.1.15 (KHTML, like Gecko) Version/14.1.2 Safari/605.1.15"
192.0.2.33 - - [08/Sep/2024:07:59:26 +0000] "PUT /admin HTTP/1.1" 403 566 "https://www.rousseltm.fr" "Mozilla/5.0 (Windows NT 10.0; Win64; x64) AppleWebKit/537.36 (KHTML, like Gecko) Chrome/93.0.4577.63 Safari/537.36"
198.51.100.99 - - [12/Sep/2024:22:25:26 +0000] "PUT /contact HTTP/1.1" 201 776 "-" "Mozilla/5.0 (Windows NT 10.0; Win64; x64; rv:91.0) Gecko/20100101 Firefox/91.0"
172.16.254.1 - - [13/Sep/2024:18:46:26 +0000] "GET /home HTTP/1.1" 201 724 "https://elearning.rousseltm.fr" "Mozilla/5.0 (Windows NT 10.0; Win64; x64; rv:91.0) Gecko/20100101 Firefox/91.0"
10.0.0.1 - - [14/Sep/2024:00:03:26 +0000] "DELETE /login HTTP/1.1" 302 663 "https://www.rousseltm.fr" "Mozilla/5.0 (iPhone; CPU iPhone OS 14_7_1 like Mac OS X) AppleWebKit/605.1.15 (KHTML, like Gecko) Version/14.1.2 Mobile/15E148 Safari/604.1"
198.51.100.99 - - [09/Sep/2024:10:18:26 +0000] "PUT /contact HTTP/1.1" 201 910 "-" "Mozilla/5.0 (Windows NT 10.0; Win64; x64) AppleWebKit/537.36 (KHTML, like Gecko) Chrome/93.0.4577.63 Safari/537.36"
198.51.100.22 - - [09/Sep/2024:03:17:26 +0000] "DELETE /login HTTP/1.1" 503 104 "https://elearning.rousseltm.fr" "Mozilla/5.0 (Macintosh; Intel Mac OS X 10_15_7) AppleWebKit/605.1.15 (KHTML, like Gecko) Version/14.1.2 Safari/605.1.15"
192.168.1.10 - - [10/Sep/2024:12:04:26 +0000] "GET /admin HTTP/1.1" 403 690 "https://elearning.rousseltm.fr" "Mozilla/5.0 (Macintosh; Intel Mac OS X 10_15_7) AppleWebKit/605.1.15 (KHTML, like Gecko) Version/14.1.2 Safari/605.1.15"
10.0.0.1 - - [12/Sep/2024:22:25:26 +0000] "PATCH /about HTTP/1.1" 302 150 "-" "Mozilla/5.0 (Macintosh; Intel Mac OS X 10_15_7) AppleWebKit/605.1.15 (KHTML, like Gecko) Version/14.1.2 Safari/605.1.15"
203.0.113.5 - - [11/Sep/2024:06:55:26 +0000] "DELETE /login HTTP/1.1" 204 480 "https://martin.lekpa.fr" "Mozilla/5.0 (Linux; Android 9; SM-G960F) AppleWebKit/537.36 (KHTML, like Gecko) Chrome/91.0.4472.114 Mobile Safari/537.36"
203.0.113.5 - - [09/Sep/2024:16:26:26 +0000] "POST /search HTTP/1.1" 201 637 "https://martin.lekpa.fr" "Mozilla/5.0 (iPhone; CPU iPhone OS 14_7_1 like Mac OS X) AppleWebKit/605.1.15 (KHTML, like Gecko) Version/14.1.2 Mobile/15E148 Safari/604.1"
127.0.0.1 - - [10/Sep/2024:11:35:26 +0000] "PATCH /admin HTTP/1.1" 204 355 "-" "Mozilla/5.0 (Windows NT 10.0; Win64; x64; rv:91.0) Gecko/20100101 Firefox/91.0"
203.0.113.195 - - [10/Sep/2024:10:37:26 +0000] "PUT /products HTTP/1.1" 201 521 "https://martin.lekpa.fr" "Mozilla/5.0 (Windows NT 10.0; Win64; x64) AppleWebKit/537.36 (KHTML, like Gecko) Chrome/93.0.4577.63 Safari/537.36"
203.0.113.195 - - [10/Sep/2024:10:51:26 +0000] "POST /about HTTP/1.1" 400 137 "https://elearning.rousseltm.fr" "Mozilla/5.0 (Macintosh; Intel Mac OS X 10_15_7) AppleWebKit/605.1.15 (KHTML, like Gecko) Version/14.1.2 Safari/605.1.15"
203.0.113.5 - - [12/Sep/2024:17:56:26 +0000] "PUT /contact HTTP/1.1" 403 136 "https://www.rousseltm.fr" "Mozilla/5.0 (Macintosh; Intel Mac OS X 10_15_7) AppleWebKit/605.1.15 (KHTML, like Gecko) Version/14.1.2 Safari/605.1.15"
192.168.100.1 - - [07/Sep/2024:15:58:26 +0000] "PUT /login HTTP/1.1" 302 250 "https://www.rousseltm.fr" "Mozilla/5.0 (Linux; Android 9; SM-G960F) AppleWebKit/537.36 (KHTML, like Gecko) Chrome/91.0.4472.114 Mobile Safari/537.36"
192.168.100.1 - - [08/Sep/2024:18:59:26 +0000] "PUT /contact HTTP/1.1" 302 842 "https://www.rousseltm.fr" "Mozilla/5.0 (Linux; Android 9; SM-G960F) AppleWebKit/537.36 (KHTML, like Gecko) Chrome/91.0.4472.114 Mobile Safari/537.36"
192.0.2.33 - - [12/Sep/2024:14:56:26 +0000] "GET /contact HTTP/1.1" 301 413 "-" "Mozilla/5.0 (Windows NT 10.0; Win64; x64; rv:91.0) Gecko/20100101 Firefox/91.0"
198.51.100.22 - - [09/Sep/2024:08:49:26 +0000] "PUT / HTTP/1.1" 201 939 "https://elearning.rousseltm.fr" "Mozilla/5.0 (Windows NT 10.0; Win64; x64; rv:91.0) Gecko/20100101 Firefox/91.0"
172.16.254.1 - - [13/Sep/2024:23:13:26 +0000] "PATCH /admin HTTP/1.1" 404 389 "https://www.rousseltm.fr" "Mozilla/5.0 (Macintosh; Intel Mac OS X 10_15_7) AppleWebKit/605.1.15 (KHTML, like Gecko) Version/14.1.2 Safari/605.1.15"
192.0.2.33 - - [13/Sep/2024:18:00:26 +0000] "DELETE /home HTTP/1.1" 301 664 "https://elearning.rousseltm.fr" "Mozilla/5.0 (Windows NT 10.0; Win64; x64; rv:91.0) Gecko/20100101 Firefox/91.0"
203.0.113.195 - - [13/Sep/2024:13:17:26 +0000] "PATCH /login HTTP/1.1" 400 173 "https://martin.lekpa.fr" "Mozilla/5.0 (Macintosh; Intel Mac OS X 10_15_7) AppleWebKit/605.1.15 (KHTML, like Gecko) Version/14.1.2 Safari/605.1.15"
192.168.1.10 - - [13/Sep/2024:15:30:26 +0000] "DELETE / HTTP/1.1" 404 550 "-" "Mozilla/5.0 (Windows NT 10.0; Win64; x64; rv:91.0) Gecko/20100101 Firefox/91.0"
172.16.254.1 - - [07/Sep/2024:13:20:26 +0000] "PUT /admin HTTP/1.1" 503 240 "https://martin.lekpa.fr" "Mozilla/5.0 (iPhone; CPU iPhone OS 14_7_1 like Mac OS X) AppleWebKit/605.1.15 (KHTML, like Gecko) Version/14.1.2 Mobile/15E148 Safari/604.1"
192.168.100.1 - - [11/Sep/2024:16:50:26 +0000] "POST /products HTTP/1.1" 404 547 "https://www.rousseltm.fr" "Mozilla/5.0 (Windows NT 10.0; Win64; x64) AppleWebKit/537.36 (KHTML, like Gecko) Chrome/93.0.4577.63 Safari/537.36"
172.16.254.1 - - [11/Sep/2024:02:46:26 +0000] "POST /admin HTTP/1.1" 500 656 "https://elearning.rousseltm.fr" "Mozilla/5.0 (Windows NT 10.0; Win64; x64) AppleWebKit/537.36 (KHTML, like Gecko) Chrome/93.0.4577.63 Safari/537.36"
192.168.1.10 - - [14/Sep/2024:06:08:26 +0000] "GET /login HTTP/1.1" 200 203 "-" "Mozilla/5.0 (Windows NT 10.0; Win64; x64) AppleWebKit/537.36 (KHTML, like Gecko) Chrome/93.0.4577.63 Safari/537.36"
172.16.254.1 - - [10/Sep/2024:09:36:26 +0000] "GET /contact HTTP/1.1" 301 970 "https://www.rousseltm.fr" "Mozilla/5.0 (Windows NT 10.0; Win64; x64; rv:91.0) Gecko/20100101 Firefox/91.0"
192.168.1.10 - - [10/Sep/2024:14:02:26 +0000] "DELETE /admin HTTP/1.1" 503 172 "https://elearning.rousseltm.fr" "Mozilla/5.0 (Linux; Android 9; SM-G960F) AppleWebKit/537.36 (KHTML, like Gecko) Chrome/91.0.4472.114 Mobile Safari/537.36"
10.0.0.1 - - [12/Sep/2024:14:12:26 +0000] "GET /home HTTP/1.1" 204 124 "https://elearning.rousseltm.fr" "Mozilla/5.0 (Macintosh; Intel Mac OS X 10_15_7) AppleWebKit/605.1.15 (KHTML, like Gecko) Version/14.1.2 Safari/605.1.15"
198.51.100.22 - - [11/Sep/2024:04:38:26 +0000] "PATCH /search HTTP/1.1" 301 992 "https://elearning.rousseltm.fr" "Mozilla/5.0 (Macintosh; Intel Mac OS X 10_15_7) AppleWebKit/605.1.15 (KHTML, like Gecko) Version/14.1.2 Safari/605.1.15"
192.168.1.10 - - [09/Sep/2024:04:44:26 +0000] "DELETE /about HTTP/1.1" 200 190 "https://www.rousseltm.fr" "Mozilla/5.0 (Linux; Android 9; SM-G960F) AppleWebKit/537.36 (KHTML, like Gecko) Chrome/91.0.4472.114 Mobile Safari/537.36"
203.0.113.195 - - [07/Sep/2024:19:27:26 +0000] "PUT /products HTTP/1.1" 200 976 "-" "Mozilla/5.0 (Linux; Android 9; SM-G960F) AppleWebKit/537.36 (KHTML, like Gecko) Chrome/91.0.4472.114 Mobile Safari/537.36"
10.0.0.1 - - [11/Sep/2024:18:27:26 +0000] "DELETE /contact HTTP/1.1" 200 538 "https://www.rousseltm.fr" "Mozilla/5.0 (Windows NT 10.0; Win64; x64; rv:91.0) Gecko/20100101 Firefox/91.0"
192.0.2.33 - - [07/Sep/2024:22:40:26 +0000] "DELETE /admin HTTP/1.1" 302 376 "https://elearning.rousseltm.fr" "Mozilla/5.0 (Macintosh; Intel Mac OS X 10_15_7) AppleWebKit/605.1.15 (KHTML, like Gecko) Version/14.1.2 Safari/605.1.15"
192.168.100.1 - - [08/Sep/2024:16:53:26 +0000] "PATCH /home HTTP/1.1" 404 351 "https://elearning.rousseltm.fr" "Mozilla/5.0 (iPhone; CPU iPhone OS 14_7_1 like Mac OS X) AppleWebKit/605.1.15 (KHTML, like Gecko) Version/14.1.2 Mobile/15E148 Safari/604.1"
10.0.0.1 - - [08/Sep/2024:16:49:26 +0000] "PUT /about HTTP/1.1" 201 565 "https://elearning.rousseltm.fr" "Mozilla/5.0 (Windows NT 10.0; Win64; x64) AppleWebKit/537.36 (KHTML, like Gecko) Chrome/93.0.4577.63 Safari/537.36"
127.0.0.1 - - [13/Sep/2024:06:39:26 +0000] "DELETE / HTTP/1.1" 204 265 "https://www.rousseltm.fr" "Mozilla/5.0 (Macintosh; Intel Mac OS X 10_15_7) AppleWebKit/605.1.15 (KHTML, like Gecko) Version/14.1.2 Safari/605.1.15"
203.0.113.5 - - [13/Sep/2024:22:09:26 +0000] "DELETE /contact HTTP/1.1" 500 271 "https://elearning.rousseltm.fr" "Mozilla/5.0 (Linux; Android 9; SM-G960F) AppleWebKit/537.36 (KHTML, like Gecko) Chrome/91.0.4472.114 Mobile Safari/537.36"
198.51.100.22 - - [11/Sep/2024:11:12:26 +0000] "PATCH /home HTTP/1.1" 301 653 "https://elearning.rousseltm.fr" "Mozilla/5.0 (Windows NT 10.0; Win64; x64) AppleWebKit/537.36 (KHTML, like Gecko) Chrome/93.0.4577.63 Safari/537.36"
192.0.2.33 - - [14/Sep/2024:01:56:26 +0000] "GET /products HTTP/1.1" 503 846 "https://martin.lekpa.fr" "Mozilla/5.0 (iPhone; CPU iPhone OS 14_7_1 like Mac OS X) AppleWebKit/605.1.15 (KHTML, like Gecko) Version/14.1.2 Mobile/15E148 Safari/604.1"
172.16.254.1 - - [14/Sep/2024:02:49:26 +0000] "GET /home HTTP/1.1" 301 674 "https://elearning.rousseltm.fr" "Mozilla/5.0 (Linux; Android 9; SM-G960F) AppleWebKit/537.36 (KHTML, like Gecko) Chrome/91.0.4472.114 Mobile Safari/537.36"
203.0.113.5 - - [08/Sep/2024:21:27:26 +0000] "PATCH /search HTTP/1.1" 400 188 "https://elearning.rousseltm.fr" "Mozilla/5.0 (Windows NT 10.0; Win64; x64; rv:91.0) Gecko/20100101 Firefox/91.0"
127.0.0.1 - - [08/Sep/2024:21:00:26 +0000] "PATCH /home HTTP/1.1" 503 106 "https://www.rousseltm.fr" "Mozilla/5.0 (iPhone; CPU iPhone OS 14_7_1 like Mac OS X) AppleWebKit/605.1.15 (KHTML, like Gecko) Version/14.1.2 Mobile/15E148 Safari/604.1"
172.16.254.1 - - [11/Sep/2024:20:52:26 +0000] "DELETE /about HTTP/1.1" 302 871 "-" "Mozilla/5.0 (Macintosh; Intel Mac OS X 10_15_7) AppleWebKit/605.1.15 (KHTML, like Gecko) Version/14.1.2 Safari/605.1.15"
192.0.2.33 - - [10/Sep/2024:21:37:26 +0000] "PATCH /search HTTP/1.1" 400 788 "https://www.rousseltm.fr" "Mozilla/5.0 (Windows NT 10.0; Win64; x64) AppleWebKit/537.36 (KHTML, like Gecko) Chrome/93.0.4577.63 Safari/537.36"
198.51.100.99 - - [12/Sep/2024:13:11:26 +0000] "GET /products HTTP/1.1" 301 635 "https://www.rousseltm.fr" "Mozilla/5.0 (iPhone; CPU iPhone OS 14_7_1 like Mac OS X) AppleWebKit/605.1.15 (KHTML, like Gecko) Version/14.1.2 Mobile/15E148 Safari/604.1"
198.51.100.22 - - [14/Sep/2024:00:46:26 +0000] "PATCH /login HTTP/1.1" 404 769 "https://www.rousseltm.fr" "Mozilla/5.0 (Windows NT 10.0; Win64; x64) AppleWebKit/537.36 (KHTML, like Gecko) Chrome/93.0.4577.63 Safari/537.36"
198.51.100.22 - - [11/Sep/2024:03:12:26 +0000] "DELETE /admin HTTP/1.1" 204 787 "https://martin.lekpa.fr" "Mozilla/5.0 (Windows NT 10.0; Win64; x64; rv:91.0) Gecko/20100101 Firefox/91.0"
192.168.100.1 - - [13/Sep/2024:11:04:26 +0000] "GET /login HTTP/1.1" 201 787 "-" "Mozilla/5.0 (iPhone; CPU iPhone OS 14_7_1 like Mac OS X) AppleWebKit/605.1.15 (KHTML, like Gecko) Version/14.1.2 Mobile/15E148 Safari/604.1"
198.51.100.22 - - [13/Sep/2024:13:50:26 +0000] "PUT /search HTTP/1.1" 400 911 "-" "Mozilla/5.0 (iPhone; CPU iPhone OS 14_7_1 like Mac OS X) AppleWebKit/605.1.15 (KHTML, like Gecko) Version/14.1.2 Mobile/15E148 Safari/604.1"
203.0.113.5 - - [10/Sep/2024:23:12:26 +0000] "DELETE /admin HTTP/1.1" 503 219 "https://elearning.rousseltm.fr" "Mozilla/5.0 (Macintosh; Intel Mac OS X 10_15_7) AppleWebKit/605.1.15 (KHTML, like Gecko) Version/14.1.2 Safari/605.1.15"
10.0.0.1 - - [12/Sep/2024:18:36:26 +0000] "DELETE /contact HTTP/1.1" 204 457 "https://elearning.rousseltm.fr" "Mozilla/5.0 (Windows NT 10.0; Win64; x64; rv:91.0) Gecko/20100101 Firefox/91.0"
192.168.1.10 - - [12/Sep/2024:12:48:26 +0000] "DELETE /contact HTTP/1.1" 404 411 "https://www.rousseltm.fr" "Mozilla/5.0 (Windows NT 10.0; Win64; x64) AppleWebKit/537.36 (KHTML, like Gecko) Chrome/93.0.4577.63 Safari/537.36"
127.0.0.1 - - [11/Sep/2024:16:31:26 +0000] "GET /about HTTP/1.1" 302 894 "-" "Mozilla/5.0 (Windows NT 10.0; Win64; x64) AppleWebKit/537.36 (KHTML, like Gecko) Chrome/93.0.4577.63 Safari/537.36"
203.0.113.5 - - [10/Sep/2024:19:39:26 +0000] "POST /admin HTTP/1.1" 403 508 "-" "Mozilla/5.0 (Linux; Android 9; SM-G960F) AppleWebKit/537.36 (KHTML, like Gecko) Chrome/91.0.4472.114 Mobile Safari/537.36"
127.0.0.1 - - [11/Sep/2024:10:42:26 +0000] "POST / HTTP/1.1" 404 119 "https://martin.lekpa.fr" "Mozilla/5.0 (Windows NT 10.0; Win64; x64) AppleWebKit/537.36 (KHTML, like Gecko) Chrome/93.0.4577.63 Safari/537.36"
203.0.113.5 - - [13/Sep/2024:06:16:26 +0000] "GET /products HTTP/1.1" 201 754 "https://elearning.rousseltm.fr" "Mozilla/5.0 (Windows NT 10.0; Win64; x64) AppleWebKit/537.36 (KHTML, like Gecko) Chrome/93.0.4577.63 Safari/537.36"
192.0.2.33 - - [13/Sep/2024:05:24:26 +0000] "PUT /contact HTTP/1.1" 403 902 "https://martin.lekpa.fr" "Mozilla/5.0 (Windows NT 10.0; Win64; x64) AppleWebKit/537.36 (KHTML, like Gecko) Chrome/93.0.4577.63 Safari/537.36"
127.0.0.1 - - [12/Sep/2024:23:08:26 +0000] "GET /home HTTP/1.1" 400 831 "https://martin.lekpa.fr" "Mozilla/5.0 (Macintosh; Intel Mac OS X 10_15_7) AppleWebKit/605.1.15 (KHTML, like Gecko) Version/14.1.2 Safari/605.1.15"
127.0.0.1 - - [09/Sep/2024:03:46:26 +0000] "DELETE /home HTTP/1.1" 201 190 "https://www.rousseltm.fr" "Mozilla/5.0 (Windows NT 10.0; Win64; x64; rv:91.0) Gecko/20100101 Firefox/91.0"
192.168.1.10 - - [13/Sep/2024:06:54:26 +0000] "GET /login HTTP/1.1" 301 271 "-" "Mozilla/5.0 (Linux; Android 9; SM-G960F) AppleWebKit/537.36 (KHTML, like Gecko) Chrome/91.0.4472.114 Mobile Safari/537.36"
192.168.1.10 - - [12/Sep/2024:11:59:26 +0000] "DELETE /admin HTTP/1.1" 301 618 "https://martin.lekpa.fr" "Mozilla/5.0 (Macintosh; Intel Mac OS X 10_15_7) AppleWebKit/605.1.15 (KHTML, like Gecko) Version/14.1.2 Safari/605.1.15"
198.51.100.22 - - [13/Sep/2024:17:44:26 +0000] "PATCH /about HTTP/1.1" 500 493 "https://elearning.rousseltm.fr" "Mozilla/5.0 (Linux; Android 9; SM-G960F) AppleWebKit/537.36 (KHTML, like Gecko) Chrome/91.0.4472.114 Mobile Safari/537.36"
172.16.254.1 - - [12/Sep/2024:10:32:26 +0000] "POST /home HTTP/1.1" 400 646 "https://www.rousseltm.fr" "Mozilla/5.0 (iPhone; CPU iPhone OS 14_7_1 like Mac OS X) AppleWebKit/605.1.15 (KHTML, like Gecko) Version/14.1.2 Mobile/15E148 Safari/604.1"
198.51.100.22 - - [10/Sep/2024:00:35:26 +0000] "PUT /search HTTP/1.1" 404 547 "https://www.rousseltm.fr" "Mozilla/5.0 (Macintosh; Intel Mac OS X 10_15_7) AppleWebKit/605.1.15 (KHTML, like Gecko) Version/14.1.2 Safari/605.1.15"
172.16.254.1 - - [13/Sep/2024:14:34:26 +0000] "PUT /about HTTP/1.1" 302 307 "https://elearning.rousseltm.fr" "Mozilla/5.0 (Windows NT 10.0; Win64; x64; rv:91.0) Gecko/20100101 Firefox/91.0"
203.0.113.5 - - [10/Sep/2024:17:58:26 +0000] "DELETE /home HTTP/1.1" 404 214 "https://martin.lekpa.fr" "Mozilla/5.0 (Windows NT 10.0; Win64; x64; rv:91.0) Gecko/20100101 Firefox/91.0"
172.16.254.1 - - [08/Sep/2024:17:13:26 +0000] "GET / HTTP/1.1" 301 947 "https://martin.lekpa.fr" "Mozilla/5.0 (Windows NT 10.0; Win64; x64; rv:91.0) Gecko/20100101 Firefox/91.0"
192.0.2.33 - - [13/Sep/2024:17:13:26 +0000] "GET /admin HTTP/1.1" 403 291 "https://www.rousseltm.fr" "Mozilla/5.0 (Windows NT 10.0; Win64; x64; rv:91.0) Gecko/20100101 Firefox/91.0"
198.51.100.99 - - [11/Sep/2024:13:31:26 +0000] "GET /about HTTP/1.1" 500 965 "-" "Mozilla/5.0 (Windows NT 10.0; Win64; x64) AppleWebKit/537.36 (KHTML, like Gecko) Chrome/93.0.4577.63 Safari/537.36"
203.0.113.5 - - [08/Sep/2024:17:17:26 +0000] "GET /contact HTTP/1.1" 403 303 "https://www.rousseltm.fr" "Mozilla/5.0 (Macintosh; Intel Mac OS X 10_15_7) AppleWebKit/605.1.15 (KHTML, like Gecko) Version/14.1.2 Safari/605.1.15"
198.51.100.99 - - [09/Sep/2024:18:28:26 +0000] "DELETE /home HTTP/1.1" 201 359 "https://elearning.rousseltm.fr" "Mozilla/5.0 (iPhone; CPU iPhone OS 14_7_1 like Mac OS X) AppleWebKit/605.1.15 (KHTML, like Gecko) Version/14.1.2 Mobile/15E148 Safari/604.1"
172.16.254.1 - - [08/Sep/2024:01:11:26 +0000] "PATCH / HTTP/1.1" 204 240 "https://martin.lekpa.fr" "Mozilla/5.0 (Linux; Android 9; SM-G960F) AppleWebKit/537.36 (KHTML, like Gecko) Chrome/91.0.4472.114 Mobile Safari/537.36"
192.168.100.1 - - [08/Sep/2024:01:10:26 +0000] "PATCH /about HTTP/1.1" 301 318 "https://martin.lekpa.fr" "Mozilla/5.0 (Macintosh; Intel Mac OS X 10_15_7) AppleWebKit/605.1.15 (KHTML, like Gecko) Version/14.1.2 Safari/605.1.15"
198.51.100.99 - - [10/Sep/2024:00:43:26 +0000] "PUT /login HTTP/1.1" 500 139 "https://www.rousseltm.fr" "Mozilla/5.0 (Linux; Android 9; SM-G960F) AppleWebKit/537.36 (KHTML, like Gecko) Chrome/91.0.4472.114 Mobile Safari/537.36"
127.0.0.1 - - [12/Sep/2024:10:57:26 +0000] "DELETE /about HTTP/1.1" 201 859 "https://www.rousseltm.fr" "Mozilla/5.0 (Windows NT 10.0; Win64; x64) AppleWebKit/537.36 (KHTML, like Gecko) Chrome/93.0.4577.63 Safari/537.36"
192.0.2.33 - - [11/Sep/2024:01:54:26 +0000] "PUT / HTTP/1.1" 204 861 "https://martin.lekpa.fr" "Mozilla/5.0 (iPhone; CPU iPhone OS 14_7_1 like Mac OS X) AppleWebKit/605.1.15 (KHTML, like Gecko) Version/14.1.2 Mobile/15E148 Safari/604.1"
192.168.100.1 - - [14/Sep/2024:00:43:26 +0000] "POST / HTTP/1.1" 302 499 "https://elearning.rousseltm.fr" "Mozilla/5.0 (Macintosh; Intel Mac OS X 10_15_7) AppleWebKit/605.1.15 (KHTML, like Gecko) Version/14.1.2 Safari/605.1.15"
192.168.100.1 - - [11/Sep/2024:19:41:26 +0000] "GET / HTTP/1.1" 403 761 "https://www.rousseltm.fr" "Mozilla/5.0 (iPhone; CPU iPhone OS 14_7_1 like Mac OS X) AppleWebKit/605.1.15 (KHTML, like Gecko) Version/14.1.2 Mobile/15E148 Safari/604.1"
172.16.254.1 - - [13/Sep/2024:17:12:26 +0000] "PATCH /login HTTP/1.1" 500 105 "https://martin.lekpa.fr" "Mozilla/5.0 (Windows NT 10.0; Win64; x64; rv:91.0) Gecko/20100101 Firefox/91.0"
172.16.254.1 - - [07/Sep/2024:19:16:26 +0000] "DELETE /search HTTP/1.1" 400 532 "-" "Mozilla/5.0 (Windows NT 10.0; Win64; x64; rv:91.0) Gecko/20100101 Firefox/91.0"
203.0.113.195 - - [11/Sep/2024:19:24:26 +0000] "GET /home HTTP/1.1" 400 929 "https://www.rousseltm.fr" "Mozilla/5.0 (Linux; Android 9; SM-G960F) AppleWebKit/537.36 (KHTML, like Gecko) Chrome/91.0.4472.114 Mobile Safari/537.36"
198.51.100.99 - - [09/Sep/2024:15:09:26 +0000] "PUT /admin HTTP/1.1" 400 706 "https://elearning.rousseltm.fr" "Mozilla/5.0 (Windows NT 10.0; Win64; x64) AppleWebKit/537.36 (KHTML, like Gecko) Chrome/93.0.4577.63 Safari/537.36"
203.0.113.195 - - [14/Sep/2024:05:07:26 +0000] "GET /contact HTTP/1.1" 302 739 "-" "Mozilla/5.0 (Macintosh; Intel Mac OS X 10_15_7) AppleWebKit/605.1.15 (KHTML, like Gecko) Version/14.1.2 Safari/605.1.15"
203.0.113.5 - - [14/Sep/2024:05:01:26 +0000] "POST /about HTTP/1.1" 400 306 "https://elearning.rousseltm.fr" "Mozilla/5.0 (Windows NT 10.0; Win64; x64; rv:91.0) Gecko/20100101 Firefox/91.0"
198.51.100.22 - - [08/Sep/2024:19:52:26 +0000] "PATCH /login HTTP/1.1" 204 761 "https://martin.lekpa.fr" "Mozilla/5.0 (Windows NT 10.0; Win64; x64) AppleWebKit/537.36 (KHTML, like Gecko) Chrome/93.0.4577.63 Safari/537.36"
127.0.0.1 - - [08/Sep/2024:03:34:26 +0000] "GET /search HTTP/1.1" 301 548 "-" "Mozilla/5.0 (iPhone; CPU iPhone OS 14_7_1 like Mac OS X) AppleWebKit/605.1.15 (KHTML, like Gecko) Version/14.1.2 Mobile/15E148 Safari/604.1"
198.51.100.99 - - [12/Sep/2024:02:18:26 +0000] "GET /home HTTP/1.1" 503 615 "https://elearning.rousseltm.fr" "Mozilla/5.0 (Windows NT 10.0; Win64; x64; rv:91.0) Gecko/20100101 Firefox/91.0"
127.0.0.1 - - [08/Sep/2024:16:51:26 +0000] "PATCH /search HTTP/1.1" 201 316 "-" "Mozilla/5.0 (Linux; Android 9; SM-G960F) AppleWebKit/537.36 (KHTML, like Gecko) Chrome/91.0.4472.114 Mobile Safari/537.36"
10.0.0.1 - - [07/Sep/2024:20:10:26 +0000] "GET /admin HTTP/1.1" 204 609 "-" "Mozilla/5.0 (Windows NT 10.0; Win64; x64) AppleWebKit/537.36 (KHTML, like Gecko) Chrome/93.0.4577.63 Safari/537.36"
192.0.2.33 - - [11/Sep/2024:23:55:26 +0000] "DELETE /search HTTP/1.1" 500 466 "https://www.rousseltm.fr" "Mozilla/5.0 (iPhone; CPU iPhone OS 14_7_1 like Mac OS X) AppleWebKit/605.1.15 (KHTML, like Gecko) Version/14.1.2 Mobile/15E148 Safari/604.1"
192.168.100.1 - - [08/Sep/2024:01:42:26 +0000] "DELETE /contact HTTP/1.1" 302 984 "https://www.rousseltm.fr" "Mozilla/5.0 (Linux; Android 9; SM-G960F) AppleWebKit/537.36 (KHTML, like Gecko) Chrome/91.0.4472.114 Mobile Safari/537.36"
192.168.1.10 - - [10/Sep/2024:03:17:26 +0000] "GET /home HTTP/1.1" 301 795 "https://www.rousseltm.fr" "Mozilla/5.0 (Linux; Android 9; SM-G960F) AppleWebKit/537.36 (KHTML, like Gecko) Chrome/91.0.4472.114 Mobile Safari/537.36"
198.51.100.99 - - [13/Sep/2024:15:29:26 +0000] "PUT /search HTTP/1.1" 302 793 "https://elearning.rousseltm.fr" "Mozilla/5.0 (Macintosh; Intel Mac OS X 10_15_7) AppleWebKit/605.1.15 (KHTML, like Gecko) Version/14.1.2 Safari/605.1.15"
172.16.254.1 - - [08/Sep/2024:04:04:26 +0000] "PATCH /about HTTP/1.1" 302 304 "-" "Mozilla/5.0 (Windows NT 10.0; Win64; x64; rv:91.0) Gecko/20100101 Firefox/91.0"
192.168.1.10 - - [10/Sep/2024:12:30:26 +0000] "GET /login HTTP/1.1" 204 262 "-" "Mozilla/5.0 (iPhone; CPU iPhone OS 14_7_1 like Mac OS X) AppleWebKit/605.1.15 (KHTML, like Gecko) Version/14.1.2 Mobile/15E148 Safari/604.1"
192.168.1.10 - - [10/Sep/2024:17:44:26 +0000] "PUT /contact HTTP/1.1" 301 351 "https://www.rousseltm.fr" "Mozilla/5.0 (Linux; Android 9; SM-G960F) AppleWebKit/537.36 (KHTML, like Gecko) Chrome/91.0.4472.114 Mobile Safari/537.36"
203.0.113.5 - - [13/Sep/2024:05:07:26 +0000] "PATCH / HTTP/1.1" 201 494 "https://martin.lekpa.fr" "Mozilla/5.0 (Windows NT 10.0; Win64; x64) AppleWebKit/537.36 (KHTML, like Gecko) Chrome/93.0.4577.63 Safari/537.36"
198.51.100.99 - - [10/Sep/2024:03:14:26 +0000] "GET /admin HTTP/1.1" 503 885 "https://www.rousseltm.fr" "Mozilla/5.0 (Windows NT 10.0; Win64; x64) AppleWebKit/537.36 (KHTML, like Gecko) Chrome/93.0.4577.63 Safari/537.36"
198.51.100.99 - - [09/Sep/2024:17:39:26 +0000] "PUT /admin HTTP/1.1" 403 664 "https://www.rousseltm.fr" "Mozilla/5.0 (iPhone; CPU iPhone OS 14_7_1 like Mac OS X) AppleWebKit/605.1.15 (KHTML, like Gecko) Version/14.1.2 Mobile/15E148 Safari/604.1"
198.51.100.22 - - [10/Sep/2024:06:09:26 +0000] "PATCH /about HTTP/1.1" 400 222 "-" "Mozilla/5.0 (Windows NT 10.0; Win64; x64) AppleWebKit/537.36 (KHTML, like Gecko) Chrome/93.0.4577.63 Safari/537.36"
127.0.0.1 - - [08/Sep/2024:21:27:26 +0000] "PUT /home HTTP/1.1" 301 735 "-" "Mozilla/5.0 (Linux; Android 9; SM-G960F) AppleWebKit/537.36 (KHTML, like Gecko) Chrome/91.0.4472.114 Mobile Safari/537.36"
192.0.2.33 - - [12/Sep/2024:13:06:26 +0000] "POST /login HTTP/1.1" 301 549 "https://martin.lekpa.fr" "Mozilla/5.0 (iPhone; CPU iPhone OS 14_7_1 like Mac OS X) AppleWebKit/605.1.15 (KHTML, like Gecko) Version/14.1.2 Mobile/15E148 Safari/604.1"
172.16.254.1 - - [09/Sep/2024:06:32:26 +0000] "POST / HTTP/1.1" 200 103 "-" "Mozilla/5.0 (Macintosh; Intel Mac OS X 10_15_7) AppleWebKit/605.1.15 (KHTML, like Gecko) Version/14.1.2 Safari/605.1.15"
192.0.2.33 - - [14/Sep/2024:06:58:26 +0000] "GET /search HTTP/1.1" 400 562 "-" "Mozilla/5.0 (Windows NT 10.0; Win64; x64) AppleWebKit/537.36 (KHTML, like Gecko) Chrome/93.0.4577.63 Safari/537.36"
198.51.100.22 - - [13/Sep/2024:13:39:26 +0000] "PUT /admin HTTP/1.1" 204 466 "https://martin.lekpa.fr" "Mozilla/5.0 (Linux; Android 9; SM-G960F) AppleWebKit/537.36 (KHTML, like Gecko) Chrome/91.0.4472.114 Mobile Safari/537.36"
172.16.254.1 - - [09/Sep/2024:01:05:26 +0000] "GET /admin HTTP/1.1" 204 885 "-" "Mozilla/5.0 (Linux; Android 9; SM-G960F) AppleWebKit/537.36 (KHTML, like Gecko) Chrome/91.0.4472.114 Mobile Safari/537.36"
203.0.113.195 - - [10/Sep/2024:17:22:26 +0000] "PUT /products HTTP/1.1" 500 233 "https://elearning.rousseltm.fr" "Mozilla/5.0 (Windows NT 10.0; Win64; x64; rv:91.0) Gecko/20100101 Firefox/91.0"
203.0.113.195 - - [09/Sep/2024:19:03:26 +0000] "POST /contact HTTP/1.1" 503 215 "https://martin.lekpa.fr" "Mozilla/5.0 (iPhone; CPU iPhone OS 14_7_1 like Mac OS X) AppleWebKit/605.1.15 (KHTML, like Gecko) Version/14.1.2 Mobile/15E148 Safari/604.1"
192.168.1.10 - - [13/Sep/2024:18:51:26 +0000] "GET /search HTTP/1.1" 302 123 "-" "Mozilla/5.0 (Linux; Android 9; SM-G960F) AppleWebKit/537.36 (KHTML, like Gecko) Chrome/91.0.4472.114 Mobile Safari/537.36"
198.51.100.99 - - [09/Sep/2024:23:05:26 +0000] "PATCH /admin HTTP/1.1" 204 373 "-" "Mozilla/5.0 (Macintosh; Intel Mac OS X 10_15_7) AppleWebKit/605.1.15 (KHTML, like Gecko) Version/14.1.2 Safari/605.1.15"
172.16.254.1 - - [13/Sep/2024:05:28:26 +0000] "PUT / HTTP/1.1" 503 830 "https://www.rousseltm.fr" "Mozilla/5.0 (iPhone; CPU iPhone OS 14_7_1 like Mac OS X) AppleWebKit/605.1.15 (KHTML, like Gecko) Version/14.1.2 Mobile/15E148 Safari/604.1"
198.51.100.22 - - [10/Sep/2024:11:23:26 +0000] "POST /search HTTP/1.1" 200 239 "https://martin.lekpa.fr" "Mozilla/5.0 (Windows NT 10.0; Win64; x64; rv:91.0) Gecko/20100101 Firefox/91.0"
172.16.254.1 - - [11/Sep/2024:20:12:26 +0000] "DELETE /admin HTTP/1.1" 503 713 "https://www.rousseltm.fr" "Mozilla/5.0 (Windows NT 10.0; Win64; x64) AppleWebKit/537.36 (KHTML, like Gecko) Chrome/93.0.4577.63 Safari/537.36"
192.168.1.10 - - [13/Sep/2024:21:21:26 +0000] "POST /search HTTP/1.1" 500 285 "-" "Mozilla/5.0 (Linux; Android 9; SM-G960F) AppleWebKit/537.36 (KHTML, like Gecko) Chrome/91.0.4472.114 Mobile Safari/537.36"
198.51.100.99 - - [13/Sep/2024:12:58:26 +0000] "DELETE /products HTTP/1.1" 201 960 "https://www.rousseltm.fr" "Mozilla/5.0 (Windows NT 10.0; Win64; x64) AppleWebKit/537.36 (KHTML, like Gecko) Chrome/93.0.4577.63 Safari/537.36"
192.0.2.33 - - [08/Sep/2024:09:15:26 +0000] "GET /search HTTP/1.1" 503 865 "https://elearning.rousseltm.fr" "Mozilla/5.0 (Windows NT 10.0; Win64; x64) AppleWebKit/537.36 (KHTML, like Gecko) Chrome/93.0.4577.63 Safari/537.36"
203.0.113.195 - - [10/Sep/2024:14:54:26 +0000] "PUT /admin HTTP/1.1" 403 700 "https://elearning.rousseltm.fr" "Mozilla/5.0 (Macintosh; Intel Mac OS X 10_15_7) AppleWebKit/605.1.15 (KHTML, like Gecko) Version/14.1.2 Safari/605.1.15"
198.51.100.22 - - [09/Sep/2024:23:42:26 +0000] "PATCH /admin HTTP/1.1" 301 660 "-" "Mozilla/5.0 (Linux; Android 9; SM-G960F) AppleWebKit/537.36 (KHTML, like Gecko) Chrome/91.0.4472.114 Mobile Safari/537.36"
192.168.1.10 - - [12/Sep/2024:11:29:26 +0000] "DELETE /about HTTP/1.1" 200 958 "https://martin.lekpa.fr" "Mozilla/5.0 (Windows NT 10.0; Win64; x64) AppleWebKit/537.36 (KHTML, like Gecko) Chrome/93.0.4577.63 Safari/537.36"
192.0.2.33 - - [14/Sep/2024:04:24:26 +0000] "DELETE /login HTTP/1.1" 503 707 "https://martin.lekpa.fr" "Mozilla/5.0 (iPhone; CPU iPhone OS 14_7_1 like Mac OS X) AppleWebKit/605.1.15 (KHTML, like Gecko) Version/14.1.2 Mobile/15E148 Safari/604.1"
192.168.1.10 - - [10/Sep/2024:18:27:26 +0000] "PUT /products HTTP/1.1" 404 728 "https://www.rousseltm.fr" "Mozilla/5.0 (Windows NT 10.0; Win64; x64) AppleWebKit/537.36 (KHTML, like Gecko) Chrome/93.0.4577.63 Safari/537.36"
192.0.2.33 - - [07/Sep/2024:21:56:26 +0000] "PUT /contact HTTP/1.1" 302 706 "https://martin.lekpa.fr" "Mozilla/5.0 (Macintosh; Intel Mac OS X 10_15_7) AppleWebKit/605.1.15 (KHTML, like Gecko) Version/14.1.2 Safari/605.1.15"
10.0.0.1 - - [10/Sep/2024:01:35:26 +0000] "DELETE /products HTTP/1.1" 404 982 "-" "Mozilla/5.0 (iPhone; CPU iPhone OS 14_7_1 like Mac OS X) AppleWebKit/605.1.15 (KHTML, like Gecko) Version/14.1.2 Mobile/15E148 Safari/604.1"
192.168.100.1 - - [12/Sep/2024:07:38:26 +0000] "PATCH /products HTTP/1.1" 301 775 "https://martin.lekpa.fr" "Mozilla/5.0 (Linux; Android 9; SM-G960F) AppleWebKit/537.36 (KHTML, like Gecko) Chrome/91.0.4472.114 Mobile Safari/537.36"
203.0.113.195 - - [08/Sep/2024:02:36:26 +0000] "POST /admin HTTP/1.1" 301 408 "https://martin.lekpa.fr" "Mozilla/5.0 (Linux; Android 9; SM-G960F) AppleWebKit/537.36 (KHTML, like Gecko) Chrome/91.0.4472.114 Mobile Safari/537.36"
10.0.0.1 - - [11/Sep/2024:22:38:26 +0000] "GET /home HTTP/1.1" 201 624 "-" "Mozilla/5.0 (Windows NT 10.0; Win64; x64; rv:91.0) Gecko/20100101 Firefox/91.0"
192.168.100.1 - - [11/Sep/2024:14:48:26 +0000] "PUT /about HTTP/1.1" 200 918 "https://www.rousseltm.fr" "Mozilla/5.0 (Linux; Android 9; SM-G960F) AppleWebKit/537.36 (KHTML, like Gecko) Chrome/91.0.4472.114 Mobile Safari/537.36"
192.168.1.10 - - [10/Sep/2024:03:58:26 +0000] "PATCH /login HTTP/1.1" 400 130 "https://www.rousseltm.fr" "Mozilla/5.0 (Linux; Android 9; SM-G960F) AppleWebKit/537.36 (KHTML, like Gecko) Chrome/91.0.4472.114 Mobile Safari/537.36"
172.16.254.1 - - [10/Sep/2024:13:34:26 +0000] "POST /contact HTTP/1.1" 503 182 "https://www.rousseltm.fr" "Mozilla/5.0 (iPhone; CPU iPhone OS 14_7_1 like Mac OS X) AppleWebKit/605.1.15 (KHTML, like Gecko) Version/14.1.2 Mobile/15E148 Safari/604.1"
127.0.0.1 - - [09/Sep/2024:05:02:26 +0000] "PATCH /login HTTP/1.1" 400 928 "https://www.rousseltm.fr" "Mozilla/5.0 (iPhone; CPU iPhone OS 14_7_1 like Mac OS X) AppleWebKit/605.1.15 (KHTML, like Gecko) Version/14.1.2 Mobile/15E148 Safari/604.1"
192.168.100.1 - - [10/Sep/2024:16:43:26 +0000] "PATCH /contact HTTP/1.1" 503 726 "https://martin.lekpa.fr" "Mozilla/5.0 (Macintosh; Intel Mac OS X 10_15_7) AppleWebKit/605.1.15 (KHTML, like Gecko) Version/14.1.2 Safari/605.1.15"
10.0.0.1 - - [09/Sep/2024:04:54:26 +0000] "PATCH /about HTTP/1.1" 301 681 "https://martin.lekpa.fr" "Mozilla/5.0 (Windows NT 10.0; Win64; x64) AppleWebKit/537.36 (KHTML, like Gecko) Chrome/93.0.4577.63 Safari/537.36"
203.0.113.195 - - [09/Sep/2024:08:26:26 +0000] "PUT /home HTTP/1.1" 400 753 "-" "Mozilla/5.0 (Linux; Android 9; SM-G960F) AppleWebKit/537.36 (KHTML, like Gecko) Chrome/91.0.4472.114 Mobile Safari/537.36"
127.0.0.1 - - [07/Sep/2024:20:29:26 +0000] "PUT /search HTTP/1.1" 500 179 "-" "Mozilla/5.0 (iPhone; CPU iPhone OS 14_7_1 like Mac OS X) AppleWebKit/605.1.15 (KHTML, like Gecko) Version/14.1.2 Mobile/15E148 Safari/604.1"
10.0.0.1 - - [08/Sep/2024:14:03:26 +0000] "PATCH /login HTTP/1.1" 400 418 "https://martin.lekpa.fr" "Mozilla/5.0 (iPhone; CPU iPhone OS 14_7_1 like Mac OS X) AppleWebKit/605.1.15 (KHTML, like Gecko) Version/14.1.2 Mobile/15E148 Safari/604.1"
198.51.100.99 - - [10/Sep/2024:00:01:26 +0000] "GET /products HTTP/1.1" 403 634 "https://elearning.rousseltm.fr" "Mozilla/5.0 (Windows NT 10.0; Win64; x64) AppleWebKit/537.36 (KHTML, like Gecko) Chrome/93.0.4577.63 Safari/537.36"
203.0.113.195 - - [10/Sep/2024:01:34:26 +0000] "GET /about HTTP/1.1" 404 800 "https://elearning.rousseltm.fr" "Mozilla/5.0 (Macintosh; Intel Mac OS X 10_15_7) AppleWebKit/605.1.15 (KHTML, like Gecko) Version/14.1.2 Safari/605.1.15"
192.0.2.33 - - [10/Sep/2024:18:03:26 +0000] "POST /contact HTTP/1.1" 403 517 "https://www.rousseltm.fr" "Mozilla/5.0 (Macintosh; Intel Mac OS X 10_15_7) AppleWebKit/605.1.15 (KHTML, like Gecko) Version/14.1.2 Safari/605.1.15"
172.16.254.1 - - [08/Sep/2024:20:19:26 +0000] "GET /search HTTP/1.1" 204 713 "https://elearning.rousseltm.fr" "Mozilla/5.0 (Linux; Android 9; SM-G960F) AppleWebKit/537.36 (KHTML, like Gecko) Chrome/91.0.4472.114 Mobile Safari/537.36"
198.51.100.99 - - [13/Sep/2024:18:53:26 +0000] "DELETE /search HTTP/1.1" 500 164 "https://www.rousseltm.fr" "Mozilla/5.0 (iPhone; CPU iPhone OS 14_7_1 like Mac OS X) AppleWebKit/605.1.15 (KHTML, like Gecko) Version/14.1.2 Mobile/15E148 Safari/604.1"
172.16.254.1 - - [08/Sep/2024:02:03:26 +0000] "GET /about HTTP/1.1" 404 470 "https://martin.lekpa.fr" "Mozilla/5.0 (Linux; Android 9; SM-G960F) AppleWebKit/537.36 (KHTML, like Gecko) Chrome/91.0.4472.114 Mobile Safari/537.36"
198.51.100.99 - - [10/Sep/2024:13:26:26 +0000] "DELETE /home HTTP/1.1" 403 768 "-" "Mozilla/5.0 (iPhone; CPU iPhone OS 14_7_1 like Mac OS X) AppleWebKit/605.1.15 (KHTML, like Gecko) Version/14.1.2 Mobile/15E148 Safari/604.1"
203.0.113.195 - - [11/Sep/2024:03:36:26 +0000] "PATCH /login HTTP/1.1" 503 658 "-" "Mozilla/5.0 (iPhone; CPU iPhone OS 14_7_1 like Mac OS X) AppleWebKit/605.1.15 (KHTML, like Gecko) Version/14.1.2 Mobile/15E148 Safari/604.1"
203.0.113.5 - - [11/Sep/2024:23:48:26 +0000] "PATCH /contact HTTP/1.1" 200 257 "https://martin.lekpa.fr" "Mozilla/5.0 (Windows NT 10.0; Win64; x64; rv:91.0) Gecko/20100101 Firefox/91.0"
198.51.100.99 - - [11/Sep/2024:12:01:26 +0000] "DELETE /contact HTTP/1.1" 400 712 "-" "Mozilla/5.0 (Windows NT 10.0; Win64; x64; rv:91.0) Gecko/20100101 Firefox/91.0"
192.0.2.33 - - [07/Sep/2024:17:54:26 +0000] "PUT /admin HTTP/1.1" 204 848 "https://www.rousseltm.fr" "Mozilla/5.0 (Windows NT 10.0; Win64; x64; rv:91.0) Gecko/20100101 Firefox/91.0"
127.0.0.1 - - [08/Sep/2024:10:36:26 +0000] "POST /search HTTP/1.1" 403 686 "-" "Mozilla/5.0 (iPhone; CPU iPhone OS 14_7_1 like Mac OS X) AppleWebKit/605.1.15 (KHTML, like Gecko) Version/14.1.2 Mobile/15E148 Safari/604.1"
10.0.0.1 - - [13/Sep/2024:05:20:26 +0000] "PATCH /home HTTP/1.1" 503 562 "https://www.rousseltm.fr" "Mozilla/5.0 (Linux; Android 9; SM-G960F) AppleWebKit/537.36 (KHTML, like Gecko) Chrome/91.0.4472.114 Mobile Safari/537.36"
127.0.0.1 - - [14/Sep/2024:06:34:26 +0000] "PUT /products HTTP/1.1" 302 562 "https://martin.lekpa.fr" "Mozilla/5.0 (Windows NT 10.0; Win64; x64; rv:91.0) Gecko/20100101 Firefox/91.0"
203.0.113.5 - - [09/Sep/2024:05:11:26 +0000] "PATCH / HTTP/1.1" 503 919 "https://martin.lekpa.fr" "Mozilla/5.0 (iPhone; CPU iPhone OS 14_7_1 like Mac OS X) AppleWebKit/605.1.15 (KHTML, like Gecko) Version/14.1.2 Mobile/15E148 Safari/604.1"
172.16.254.1 - - [11/Sep/2024:12:20:26 +0000] "POST /home HTTP/1.1" 403 583 "https://martin.lekpa.fr" "Mozilla/5.0 (Windows NT 10.0; Win64; x64) AppleWebKit/537.36 (KHTML, like Gecko) Chrome/93.0.4577.63 Safari/537.36"
203.0.113.5 - - [13/Sep/2024:21:41:26 +0000] "POST /products HTTP/1.1" 301 275 "https://elearning.rousseltm.fr" "Mozilla/5.0 (iPhone; CPU iPhone OS 14_7_1 like Mac OS X) AppleWebKit/605.1.15 (KHTML, like Gecko) Version/14.1.2 Mobile/15E148 Safari/604.1"
198.51.100.99 - - [09/Sep/2024:23:59:26 +0000] "PUT /login HTTP/1.1" 500 430 "https://www.rousseltm.fr" "Mozilla/5.0 (iPhone; CPU iPhone OS 14_7_1 like Mac OS X) AppleWebKit/605.1.15 (KHTML, like Gecko) Version/14.1.2 Mobile/15E148 Safari/604.1"
192.168.1.10 - - [08/Sep/2024:06:16:26 +0000] "DELETE / HTTP/1.1" 500 983 "https://martin.lekpa.fr" "Mozilla/5.0 (Macintosh; Intel Mac OS X 10_15_7) AppleWebKit/605.1.15 (KHTML, like Gecko) Version/14.1.2 Safari/605.1.15"
127.0.0.1 - - [12/Sep/2024:23:25:26 +0000] "POST /admin HTTP/1.1" 201 937 "https://martin.lekpa.fr" "Mozilla/5.0 (Linux; Android 9; SM-G960F) AppleWebKit/537.36 (KHTML, like Gecko) Chrome/91.0.4472.114 Mobile Safari/537.36"
192.0.2.33 - - [12/Sep/2024:10:09:26 +0000] "PATCH /contact HTTP/1.1" 200 759 "https://elearning.rousseltm.fr" "Mozilla/5.0 (Linux; Android 9; SM-G960F) AppleWebKit/537.36 (KHTML, like Gecko) Chrome/91.0.4472.114 Mobile Safari/537.36"
192.0.2.33 - - [10/Sep/2024:08:41:26 +0000] "PUT /home HTTP/1.1" 404 456 "https://www.rousseltm.fr" "Mozilla/5.0 (Windows NT 10.0; Win64; x64) AppleWebKit/537.36 (KHTML, like Gecko) Chrome/93.0.4577.63 Safari/537.36"
198.51.100.22 - - [13/Sep/2024:14:02:26 +0000] "DELETE /products HTTP/1.1" 403 478 "https://elearning.rousseltm.fr" "Mozilla/5.0 (iPhone; CPU iPhone OS 14_7_1 like Mac OS X) AppleWebKit/605.1.15 (KHTML, like Gecko) Version/14.1.2 Mobile/15E148 Safari/604.1"
172.16.254.1 - - [14/Sep/2024:07:09:26 +0000] "PUT /about HTTP/1.1" 500 302 "https://elearning.rousseltm.fr" "Mozilla/5.0 (Linux; Android 9; SM-G960F) AppleWebKit/537.36 (KHTML, like Gecko) Chrome/91.0.4472.114 Mobile Safari/537.36"
192.168.1.10 - - [11/Sep/2024:21:05:26 +0000] "POST / HTTP/1.1" 404 900 "https://www.rousseltm.fr" "Mozilla/5.0 (Macintosh; Intel Mac OS X 10_15_7) AppleWebKit/605.1.15 (KHTML, like Gecko) Version/14.1.2 Safari/605.1.15"
203.0.113.195 - - [12/Sep/2024:14:22:26 +0000] "DELETE /about HTTP/1.1" 400 182 "https://elearning.rousseltm.fr" "Mozilla/5.0 (Windows NT 10.0; Win64; x64) AppleWebKit/537.36 (KHTML, like Gecko) Chrome/93.0.4577.63 Safari/537.36"
203.0.113.5 - - [09/Sep/2024:19:57:26 +0000] "PATCH /contact HTTP/1.1" 301 833 "https://elearning.rousseltm.fr" "Mozilla/5.0 (Macintosh; Intel Mac OS X 10_15_7) AppleWebKit/605.1.15 (KHTML, like Gecko) Version/14.1.2 Safari/605.1.15"
192.168.100.1 - - [07/Sep/2024:20:37:26 +0000] "DELETE /search HTTP/1.1" 301 226 "-" "Mozilla/5.0 (Windows NT 10.0; Win64; x64) AppleWebKit/537.36 (KHTML, like Gecko) Chrome/93.0.4577.63 Safari/537.36"
203.0.113.5 - - [09/Sep/2024:03:09:26 +0000] "DELETE /products HTTP/1.1" 403 115 "https://elearning.rousseltm.fr" "Mozilla/5.0 (Linux; Android 9; SM-G960F) AppleWebKit/537.36 (KHTML, like Gecko) Chrome/91.0.4472.114 Mobile Safari/537.36"
203.0.113.195 - - [12/Sep/2024:20:26:26 +0000] "PATCH /contact HTTP/1.1" 302 678 "https://www.rousseltm.fr" "Mozilla/5.0 (Windows NT 10.0; Win64; x64; rv:91.0) Gecko/20100101 Firefox/91.0"
192.168.100.1 - - [11/Sep/2024:13:02:26 +0000] "GET /products HTTP/1.1" 302 948 "https://elearning.rousseltm.fr" "Mozilla/5.0 (Linux; Android 9; SM-G960F) AppleWebKit/537.36 (KHTML, like Gecko) Chrome/91.0.4472.114 Mobile Safari/537.36"
127.0.0.1 - - [13/Sep/2024:10:09:26 +0000] "PATCH /login HTTP/1.1" 302 398 "https://www.rousseltm.fr" "Mozilla/5.0 (Macintosh; Intel Mac OS X 10_15_7) AppleWebKit/605.1.15 (KHTML, like Gecko) Version/14.1.2 Safari/605.1.15"
172.16.254.1 - - [10/Sep/2024:16:00:26 +0000] "GET /admin HTTP/1.1" 404 585 "-" "Mozilla/5.0 (iPhone; CPU iPhone OS 14_7_1 like Mac OS X) AppleWebKit/605.1.15 (KHTML, like Gecko) Version/14.1.2 Mobile/15E148 Safari/604.1"
203.0.113.5 - - [12/Sep/2024:02:05:26 +0000] "DELETE /about HTTP/1.1" 204 372 "https://elearning.rousseltm.fr" "Mozilla/5.0 (Windows NT 10.0; Win64; x64) AppleWebKit/537.36 (KHTML, like Gecko) Chrome/93.0.4577.63 Safari/537.36"
172.16.254.1 - - [09/Sep/2024:21:33:26 +0000] "DELETE / HTTP/1.1" 301 573 "https://www.rousseltm.fr" "Mozilla/5.0 (Windows NT 10.0; Win64; x64; rv:91.0) Gecko/20100101 Firefox/91.0"
192.168.100.1 - - [09/Sep/2024:04:43:26 +0000] "GET /contact HTTP/1.1" 301 647 "https://www.rousseltm.fr" "Mozilla/5.0 (Windows NT 10.0; Win64; x64; rv:91.0) Gecko/20100101 Firefox/91.0"
198.51.100.99 - - [13/Sep/2024:06:16:26 +0000] "DELETE /search HTTP/1.1" 500 821 "https://www.rousseltm.fr" "Mozilla/5.0 (Linux; Android 9; SM-G960F) AppleWebKit/537.36 (KHTML, like Gecko) Chrome/91.0.4472.114 Mobile Safari/537.36"
203.0.113.5 - - [07/Sep/2024:22:56:26 +0000] "POST /about HTTP/1.1" 301 464 "https://martin.lekpa.fr" "Mozilla/5.0 (Windows NT 10.0; Win64; x64; rv:91.0) Gecko/20100101 Firefox/91.0"
